Archive member included to satisfy reference by file (symbol)

C:/Users/marti/AppData/Local/stm32cube/bundles/gnu-tools-for-stm32/13.3.1+st.9/bin/../lib/gcc/arm-none-eabi/13.3.1/thumb/v7e-m+fp/hard\libgcc.a(_aeabi_uldivmod.o)
                              cmake/stm32cubemx/CMakeFiles/STM32_Drivers.dir/__/__/Drivers/STM32F4xx_HAL_Driver/Src/stm32f4xx_hal_rcc.c.obj (__aeabi_uldivmod)
C:/Users/marti/AppData/Local/stm32cube/bundles/gnu-tools-for-stm32/13.3.1+st.9/bin/../lib/gcc/arm-none-eabi/13.3.1/thumb/v7e-m+fp/hard\libgcc.a(_udivmoddi4.o)
                              C:/Users/marti/AppData/Local/stm32cube/bundles/gnu-tools-for-stm32/13.3.1+st.9/bin/../lib/gcc/arm-none-eabi/13.3.1/thumb/v7e-m+fp/hard\libgcc.a(_aeabi_uldivmod.o) (__udivmoddi4)
C:/Users/marti/AppData/Local/stm32cube/bundles/gnu-tools-for-stm32/13.3.1+st.9/bin/../lib/gcc/arm-none-eabi/13.3.1/thumb/v7e-m+fp/hard\libgcc.a(_dvmd_tls.o)
                              C:/Users/marti/AppData/Local/stm32cube/bundles/gnu-tools-for-stm32/13.3.1+st.9/bin/../lib/gcc/arm-none-eabi/13.3.1/thumb/v7e-m+fp/hard\libgcc.a(_aeabi_uldivmod.o) (__aeabi_ldiv0)
C:/Users/marti/AppData/Local/stm32cube/bundles/gnu-tools-for-stm32/13.3.1+st.9/bin/../lib/gcc/arm-none-eabi/13.3.1/../../../../arm-none-eabi/lib/thumb/v7e-m+fp/hard\libg_nano.a(libc_a-exit.o)
                              C:/Users/marti/AppData/Local/stm32cube/bundles/gnu-tools-for-stm32/13.3.1+st.9/bin/../lib/gcc/arm-none-eabi/13.3.1/../../../../arm-none-eabi/lib/thumb/v7e-m+fp/hard/crt0.o (exit)
C:/Users/marti/AppData/Local/stm32cube/bundles/gnu-tools-for-stm32/13.3.1+st.9/bin/../lib/gcc/arm-none-eabi/13.3.1/../../../../arm-none-eabi/lib/thumb/v7e-m+fp/hard\libg_nano.a(libc_a-findfp.o)
                              C:/Users/marti/AppData/Local/stm32cube/bundles/gnu-tools-for-stm32/13.3.1+st.9/bin/../lib/gcc/arm-none-eabi/13.3.1/../../../../arm-none-eabi/lib/thumb/v7e-m+fp/hard\libg_nano.a(libc_a-exit.o) (__stdio_exit_handler)
C:/Users/marti/AppData/Local/stm32cube/bundles/gnu-tools-for-stm32/13.3.1+st.9/bin/../lib/gcc/arm-none-eabi/13.3.1/../../../../arm-none-eabi/lib/thumb/v7e-m+fp/hard\libg_nano.a(libc_a-fwalk.o)
                              C:/Users/marti/AppData/Local/stm32cube/bundles/gnu-tools-for-stm32/13.3.1+st.9/bin/../lib/gcc/arm-none-eabi/13.3.1/../../../../arm-none-eabi/lib/thumb/v7e-m+fp/hard\libg_nano.a(libc_a-findfp.o) (_fwalk_sglue)
C:/Users/marti/AppData/Local/stm32cube/bundles/gnu-tools-for-stm32/13.3.1+st.9/bin/../lib/gcc/arm-none-eabi/13.3.1/../../../../arm-none-eabi/lib/thumb/v7e-m+fp/hard\libg_nano.a(libc_a-snprintf.o)
                              CMakeFiles/Program1.dir/Core/Src/main.c.obj (snprintf)
C:/Users/marti/AppData/Local/stm32cube/bundles/gnu-tools-for-stm32/13.3.1+st.9/bin/../lib/gcc/arm-none-eabi/13.3.1/../../../../arm-none-eabi/lib/thumb/v7e-m+fp/hard\libg_nano.a(libc_a-stdio.o)
                              C:/Users/marti/AppData/Local/stm32cube/bundles/gnu-tools-for-stm32/13.3.1+st.9/bin/../lib/gcc/arm-none-eabi/13.3.1/../../../../arm-none-eabi/lib/thumb/v7e-m+fp/hard\libg_nano.a(libc_a-findfp.o) (__sread)
C:/Users/marti/AppData/Local/stm32cube/bundles/gnu-tools-for-stm32/13.3.1+st.9/bin/../lib/gcc/arm-none-eabi/13.3.1/../../../../arm-none-eabi/lib/thumb/v7e-m+fp/hard\libg_nano.a(libc_a-memset.o)
                              C:/Users/marti/AppData/Local/stm32cube/bundles/gnu-tools-for-stm32/13.3.1+st.9/bin/../lib/gcc/arm-none-eabi/13.3.1/../../../../arm-none-eabi/lib/thumb/v7e-m+fp/hard/crt0.o (memset)
C:/Users/marti/AppData/Local/stm32cube/bundles/gnu-tools-for-stm32/13.3.1+st.9/bin/../lib/gcc/arm-none-eabi/13.3.1/../../../../arm-none-eabi/lib/thumb/v7e-m+fp/hard\libg_nano.a(libc_a-closer.o)
                              C:/Users/marti/AppData/Local/stm32cube/bundles/gnu-tools-for-stm32/13.3.1+st.9/bin/../lib/gcc/arm-none-eabi/13.3.1/../../../../arm-none-eabi/lib/thumb/v7e-m+fp/hard\libg_nano.a(libc_a-stdio.o) (_close_r)
C:/Users/marti/AppData/Local/stm32cube/bundles/gnu-tools-for-stm32/13.3.1+st.9/bin/../lib/gcc/arm-none-eabi/13.3.1/../../../../arm-none-eabi/lib/thumb/v7e-m+fp/hard\libg_nano.a(libc_a-reent.o)
                              C:/Users/marti/AppData/Local/stm32cube/bundles/gnu-tools-for-stm32/13.3.1+st.9/bin/../lib/gcc/arm-none-eabi/13.3.1/../../../../arm-none-eabi/lib/thumb/v7e-m+fp/hard\libg_nano.a(libc_a-closer.o) (errno)
C:/Users/marti/AppData/Local/stm32cube/bundles/gnu-tools-for-stm32/13.3.1+st.9/bin/../lib/gcc/arm-none-eabi/13.3.1/../../../../arm-none-eabi/lib/thumb/v7e-m+fp/hard\libg_nano.a(libc_a-impure.o)
                              C:/Users/marti/AppData/Local/stm32cube/bundles/gnu-tools-for-stm32/13.3.1+st.9/bin/../lib/gcc/arm-none-eabi/13.3.1/../../../../arm-none-eabi/lib/thumb/v7e-m+fp/hard\libg_nano.a(libc_a-snprintf.o) (_impure_ptr)
C:/Users/marti/AppData/Local/stm32cube/bundles/gnu-tools-for-stm32/13.3.1+st.9/bin/../lib/gcc/arm-none-eabi/13.3.1/../../../../arm-none-eabi/lib/thumb/v7e-m+fp/hard\libg_nano.a(libc_a-lseekr.o)
[...]
Memory Configuration

Name             Origin             Length             Attributes
RAM              0x20000000         0x00020000         xrw
CCMRAM           0x10000000         0x00010000         xrw
FLASH            0x08000000         0x00080000         xr
*default*        0x00000000         0xffffffff

Linker script and memory map

LOAD C:/Users/marti/AppData/Local/stm32cube/bundles/gnu-tools-for-stm32/13.3.1+st.9/bin/../lib/gcc/arm-none-eabi/13.3.1/thumb/v7e-m+fp/hard/crti.o
LOAD C:/Users/marti/AppData/Local/stm32cube/bundles/gnu-tools-for-stm32/13.3.1+st.9/bin/../lib/gcc/arm-none-eabi/13.3.1/thumb/v7e-m+fp/hard/crtbegin.o
LOAD C:/Users/marti/AppData/Local/stm32cube/bundles/gnu-tools-for-stm32/13.3.1+st.9/bin/../lib/gcc/arm-none-eabi/13.3.1/../../../../arm-none-eabi/lib/thumb/v7e-m+fp/hard/crt0.o
LOAD cmake/stm32cubemx/CMakeFiles/STM32_Drivers.dir/__/__/Core/Src/system_stm32f4xx.c.obj
LOAD cmake/stm32cubemx/CMakeFiles/STM32_Drivers.dir/__/__/Drivers/STM32F4xx_HAL_Driver/Src/stm32f4xx_hal_adc.c.obj
LOAD cmake/stm32cubemx/CMakeFiles/STM32_Drivers.dir/__/__/Drivers/STM32F4xx_HAL_Driver/Src/stm32f4xx_hal_adc_ex.c.obj
LOAD cmake/stm32cubemx/CMakeFiles/STM32_Drivers.dir/__/__/Drivers/STM32F4xx_HAL_Driver/Src/stm32f4xx_hal_rcc.c.obj
LOAD cmake/stm32cubemx/CMakeFiles/STM32_Drivers.dir/__/__/Drivers/STM32F4xx_HAL_Driver/Src/stm32f4xx_hal_rcc_ex.c.obj
LOAD cmake/stm32cubemx/CMakeFiles/STM32_Drivers.dir/__/__/Drivers/STM32F4xx_HAL_Driver/Src/stm32f4xx_hal_flash.c.obj
LOAD cmake/stm32cubemx/CMakeFiles/STM32_Drivers.dir/__/__/Drivers/STM32F4xx_HAL_Driver/Src/stm32f4xx_hal_flash_ex.c.obj
LOAD cmake/stm32cubemx/CMakeFiles/STM32_Drivers.dir/__/__/Drivers/STM32F4xx_HAL_Driver/Src/stm32f4xx_hal_flash_ramfunc.c.obj
LOAD cmake/stm32cubemx/CMakeFiles/STM32_Drivers.dir/__/__/Drivers/STM32F4xx_HAL_Driver/Src/stm32f4xx_hal_gpio.c.obj
LOAD cmake/stm32cubemx/CMakeFiles/STM32_Drivers.dir/__/__/Drivers/STM32F4xx_HAL_Driver/Src/stm32f4xx_hal_dma_ex.c.obj
LOAD cmake/stm32cubemx/CMakeFiles/STM32_Drivers.dir/__/__/Drivers/STM32F4xx_HAL_Driver/Src/stm32f4xx_hal_dma.c.obj
LOAD cmake/stm32cubemx/CMakeFiles/STM32_Drivers.dir/__/__/Drivers/STM32F4xx_HAL_Driver/Src/stm32f4xx_hal_pwr.c.obj
LOAD cmake/stm32cubemx/CMakeFiles/STM32_Drivers.dir/__/__/Drivers/STM32F4xx_HAL_Driver/Src/stm32f4xx_hal_pwr_ex.c.obj
LOAD cmake/stm32cubemx/CMakeFiles/STM32_Drivers.dir/__/__/Drivers/STM32F4xx_HAL_Driver/Src/stm32f4xx_hal_cortex.c.obj
LOAD cmake/stm32cubemx/CMakeFiles/STM32_Drivers.dir/__/__/Drivers/STM32F4xx_HAL_Driver/Src/stm32f4xx_hal.c.obj
LOAD cmake/stm32cubemx/CMakeFiles/STM32_Drivers.dir/__/__/Drivers/STM32F4xx_HAL_Driver/Src/stm32f4xx_hal_exti.c.obj
LOAD cmake/stm32cubemx/CMakeFiles/STM32_Drivers.dir/__/__/Drivers/STM32F4xx_HAL_Driver/Src/stm32f4xx_hal_i2c.c.obj
LOAD cmake/stm32cubemx/CMakeFiles/STM32_Drivers.dir/__/__/Drivers/STM32F4xx_HAL_Driver/Src/stm32f4xx_hal_i2c_ex.c.obj
LOAD cmake/stm32cubemx/CMakeFiles/STM32_Drivers.dir/__/__/Drivers/STM32F4xx_HAL_Driver/Src/stm32f4xx_hal_tim.c.obj
LOAD cmake/stm32cubemx/CMakeFiles/STM32_Drivers.dir/__/__/Drivers/STM32F4xx_HAL_Driver/Src/stm32f4xx_hal_tim_ex.c.obj
LOAD cmake/stm32cubemx/CMakeFiles/STM32_Drivers.dir/__/__/Drivers/STM32F4xx_HAL_Driver/Src/stm32f4xx_hal_uart.c.obj
LOAD CMakeFiles/Program1.dir/Core/Src/main.c.obj
LOAD CMakeFiles/Program1.dir/Core/Src/stm32f4xx_it.c.obj
LOAD CMakeFiles/Program1.dir/Core/Src/stm32f4xx_hal_msp.c.obj
LOAD CMakeFiles/Program1.dir/Core/Src/sysmem.c.obj
LOAD CMakeFiles/Program1.dir/Core/Src/syscalls.c.obj
LOAD CMakeFiles/Program1.dir/startup_stm32f407xx.s.obj
LOAD CMakeFiles/Program1.dir/Core/Src/key.c.obj
LOAD CMakeFiles/Program1.dir/Core/Src/led.c.obj
LOAD CMakeFiles/Program1.dir/Core/Src/music.c.obj
LOAD CMakeFiles/Program1.dir/Core/Src/oled.c.obj
LOAD C:/Users/marti/AppData/Local/stm32cube/bundles/gnu-tools-for-stm32/13.3.1+st.9/bin/../lib/gcc/arm-none-eabi/13.3.1/../../../../arm-none-eabi/lib/thumb/v7e-m+fp/hard\libm.a
START GROUP
LOAD C:/Users/marti/AppData/Local/stm32cube/bundles/gnu-tools-for-stm32/13.3.1+st.9/bin/../lib/gcc/arm-none-eabi/13.3.1/thumb/v7e-m+fp/hard\libgcc.a
LOAD C:/Users/marti/AppData/Local/stm32cube/bundles/gnu-tools-for-stm32/13.3.1+st.9/bin/../lib/gcc/arm-none-eabi/13.3.1/../../../../arm-none-eabi/lib/thumb/v7e-m+fp/hard\libg_nano.a
LOAD C:/Users/marti/AppData/Local/stm32cube/bundles/gnu-tools-for-stm32/13.3.1+st.9/bin/../lib/gcc/arm-none-eabi/13.3.1/../../../../arm-none-eabi/lib/thumb/v7e-m+fp/hard\libc_nano.a
END GROUP
START GROUP
LOAD C:/Users/marti/AppData/Local/stm32cube/bundles/gnu-tools-for-stm32/13.3.1+st.9/bin/../lib/gcc/arm-none-eabi/13.3.1/thumb/v7e-m+fp/hard\libgcc.a
LOAD C:/Users/marti/AppData/Local/stm32cube/bundles/gnu-tools-for-stm32/13.3.1+st.9/bin/../lib/gcc/arm-none-eabi/13.3.1/../../../../arm-none-eabi/lib/thumb/v7e-m+fp/hard\libc_nano.a
END GROUP
LOAD C:/Users/marti/AppData/Local/stm32cube/bundles/gnu-tools-for-stm32/13.3.1+st.9/bin/../lib/gcc/arm-none-eabi/13.3.1/thumb/v7e-m+fp/hard/crtend.o
LOAD C:/Users/marti/AppData/Local/stm32cube/bundles/gnu-tools-for-stm32/13.3.1+st.9/bin/../lib/gcc/arm-none-eabi/13.3.1/thumb/v7e-m+fp/hard/crtn.o
                0x20020000                        _estack = (ORIGIN (RAM) + LENGTH (RAM))
                0x00000200                        _Min_Heap_Size = 0x200
                0x00000400                        _Min_Stack_Size = 0x400

.isr_vector     0x08000000      0x188
                0x08000000                        . = ALIGN (0x4)
 *(.isr_vector)
 .isr_vector    0x08000000      0x188 CMakeFiles/Program1.dir/startup_stm32f407xx.s.obj
                0x08000000                g_pfnVectors
                0x08000188                        . = ALIGN (0x4)

.text           0x08000190     0x7c10
                0x08000190                        . = ALIGN (0x4)
 *(.text)
 .text          0x08000190       0x40 C:/Users/marti/AppData/Local/stm32cube/bundles/gnu-tools-for-stm32/13.3.1+st.9/bin/../lib/gcc/arm-none-eabi/13.3.1/thumb/v7e-m+fp/hard/crtbegin.o
 .text          0x080001d0       0x30 C:/Users/marti/AppData/Local/stm32cube/bundles/gnu-tools-for-stm32/13.3.1+st.9/bin/../lib/gcc/arm-none-eabi/13.3.1/thumb/v7e-m+fp/hard\libgcc.a(_aeabi_uldivmod.o)
                0x080001d0                __aeabi_uldivmod
 .text          0x08000200      0x2f8 C:/Users/marti/AppData/Local/stm32cube/bundles/gnu-tools-for-stm32/13.3.1+st.9/bin/../lib/gcc/arm-none-eabi/13.3.1/thumb/v7e-m+fp/hard\libgcc.a(_udivmoddi4.o)
                0x08000200                __udivmoddi4
 .text          0x080004f8        0x4 C:/Users/marti/AppData/Local/stm32cube/bundles/gnu-tools-for-stm32/13.3.1+st.9/bin/../lib/gcc/arm-none-eabi/13.3.1/thumb/v7e-m+fp/hard\libgcc.a(_dvmd_tls.o)
                0x080004f8                __aeabi_idiv0
                0x080004f8                __aeabi_ldiv0
 *fill*         0x080004fc        0x4 
 .text          0x08000500       0xa0 C:/Users/marti/AppData/Local/stm32cube/bundles/gnu-tools-for-stm32/13.3.1+st.9/bin/../lib/gcc/arm-none-eabi/13.3.1/../../../../arm-none-eabi/lib/thumb/v7e-m+fp/hard\libg_nano.a(libc_a-memchr.o)
                0x08000500                memchr
 *(.text*)
 .text.SystemInit
                0x080005a0       0x24 cmake/stm32cubemx/CMakeFiles/STM32_Drivers.dir/__/__/Core/Src/system_stm32f4xx.c.obj
                0x080005a0                SystemInit
 .text.HAL_ADC_Init
                0x080005c4       0x86 cmake/stm32cubemx/CMakeFiles/STM32_Drivers.dir/__/__/Drivers/STM32F4xx_HAL_Driver/Src/stm32f4xx_hal_adc.c.obj
                0x080005c4                HAL_ADC_Init
 *fill*         0x0800064a        0x2 
 .text.HAL_ADC_ConfigChannel
                0x0800064c      0x244 cmake/stm32cubemx/CMakeFiles/STM32_Drivers.dir/__/__/Drivers/STM32F4xx_HAL_Driver/Src/stm32f4xx_hal_adc.c.obj
                0x0800064c                HAL_ADC_ConfigChannel
 .text.ADC_Init
                0x08000890      0x1f8 cmake/stm32cubemx/CMakeFiles/STM32_Drivers.dir/__/__/Drivers/STM32F4xx_HAL_Driver/Src/stm32f4xx_hal_adc.c.obj
 .text.HAL_RCC_OscConfig
                0x08000a88      0x4f0 cmake/stm32cubemx/CMakeFiles/STM32_Drivers.dir/__/__/Drivers/STM32F4xx_HAL_Driver/Src/stm32f4xx_hal_rcc.c.obj
                0x08000a88                HAL_RCC_OscConfig
 .text.HAL_RCC_ClockConfig
                0x08000f78      0x1cc cmake/stm32cubemx/CMakeFiles/STM32_Drivers.dir/__/__/Drivers/STM32F4xx_HAL_Driver/Src/stm32f4xx_hal_rcc.c.obj
                0x08000f78                HAL_RCC_ClockConfig
 .text.HAL_RCC_GetSysClockFreq
                0x08001144      0x18c cmake/stm32cubemx/CMakeFiles/STM32_Drivers.dir/__/__/Drivers/STM32F4xx_HAL_Driver/Src/stm32f4xx_hal_rcc.c.obj
                0x08001144                HAL_RCC_GetSysClockFreq
 .text.HAL_RCC_GetHCLKFreq
                0x080012d0       0x18 cmake/stm32cubemx/CMakeFiles/STM32_Drivers.dir/__/__/Drivers/STM32F4xx_HAL_Driver/Src/stm32f4xx_hal_rcc.c.obj
                0x080012d0                HAL_RCC_GetHCLKFreq
 .text.HAL_RCC_GetPCLK1Freq
                0x080012e8       0x28 cmake/stm32cubemx/CMakeFiles/STM32_Drivers.dir/__/__/Drivers/STM32F4xx_HAL_Driver/Src/stm32f4xx_hal_rcc.c.obj
                0x080012e8                HAL_RCC_GetPCLK1Freq
 .text.HAL_RCC_GetPCLK2Freq
                0x08001310       0x28 cmake/stm32cubemx/CMakeFiles/STM32_Drivers.dir/__/__/Drivers/STM32F4xx_HAL_Driver/Src/stm32f4xx_hal_rcc.c.obj
                0x08001310                HAL_RCC_GetPCLK2Freq
 .text.HAL_GPIO_Init
                0x08001338      0x338 cmake/stm32cubemx/CMakeFiles/STM32_Drivers.dir/__/__/Drivers/STM32F4xx_HAL_Driver/Src/stm32f4xx_hal_gpio.c.obj
                0x08001338                HAL_GPIO_Init
 .text.HAL_GPIO_ReadPin
                0x08001670       0x30 cmake/stm32cubemx/CMakeFiles/STM32_Drivers.dir/__/__/Drivers/STM32F4xx_HAL_Driver/Src/stm32f4xx_hal_gpio.c.obj
                0x08001670                HAL_GPIO_ReadPin
 .text.HAL_GPIO_WritePin
                0x080016a0       0x32 cmake/stm32cubemx/CMakeFiles/STM32_Drivers.dir/__/__/Drivers/STM32F4xx_HAL_Driver/Src/stm32f4xx_hal_gpio.c.obj
                0x080016a0                HAL_GPIO_WritePin
 *fill*         0x080016d2        0x2 
 .text.HAL_DMA_Init
                0x080016d4      0x15c cmake/stm32cubemx/CMakeFiles/STM32_Drivers.dir/__/__/Drivers/STM32F4xx_HAL_Driver/Src/stm32f4xx_hal_dma.c.obj
                0x080016d4                HAL_DMA_Init
 .text.HAL_DMA_Start_IT
                0x08001830       0xb0 cmake/stm32cubemx/CMakeFiles/STM32_Drivers.dir/__/__/Drivers/STM32F4xx_HAL_Driver/Src/stm32f4xx_hal_dma.c.obj
                0x08001830                HAL_DMA_Start_IT
 .text.HAL_DMA_Abort_IT
                0x080018e0       0x44 cmake/stm32cubemx/CMakeFiles/STM32_Drivers.dir/__/__/Drivers/STM32F4xx_HAL_Driver/Src/stm32f4xx_hal_dma.c.obj
                0x080018e0                HAL_DMA_Abort_IT
 .text.HAL_DMA_IRQHandler
                0x08001924      0x314 cmake/stm32cubemx/CMakeFiles/STM32_Drivers.dir/__/__/Drivers/STM32F4xx_HAL_Driver/Src/stm32f4xx_hal_dma.c.obj
                0x08001924                HAL_DMA_IRQHandler
 .text.HAL_DMA_GetState
                0x08001c38       0x1c cmake/stm32cubemx/CMakeFiles/STM32_Drivers.dir/__/__/Drivers/STM32F4xx_HAL_Driver/Src/stm32f4xx_hal_dma.c.obj
                0x08001c38                HAL_DMA_GetState
 .text.HAL_DMA_GetError
                0x08001c54       0x18 cmake/stm32cubemx/CMakeFiles/STM32_Drivers.dir/__/__/Drivers/STM32F4xx_HAL_Driver/Src/stm32f4xx_hal_dma.c.obj
                0x08001c54                HAL_DMA_GetError
 .text.DMA_SetConfig
                0x08001c6c       0x5c cmake/stm32cubemx/CMakeFiles/STM32_Drivers.dir/__/__/Drivers/STM32F4xx_HAL_Driver/Src/stm32f4xx_hal_dma.c.obj
 .text.DMA_CalcBaseAndBitshift
                0x08001cc8       0x6c cmake/stm32cubemx/CMakeFiles/STM32_Drivers.dir/__/__/Drivers/STM32F4xx_HAL_Driver/Src/stm32f4xx_hal_dma.c.obj
 .text.DMA_CheckFifoParam
                0x08001d34       0xf8 cmake/stm32cubemx/CMakeFiles/STM32_Drivers.dir/__/__/Drivers/STM32F4xx_HAL_Driver/Src/stm32f4xx_hal_dma.c.obj
 .text.__NVIC_SetPriorityGrouping
                0x08001e2c       0x48 cmake/stm32cubemx/CMakeFiles/STM32_Drivers.dir/__/__/Drivers/STM32F4xx_HAL_Driver/Src/stm32f4xx_hal_cortex.c.obj
 .text.__NVIC_GetPriorityGrouping
                0x08001e74       0x1c cmake/stm32cubemx/CMakeFiles/STM32_Drivers.dir/__/__/Drivers/STM32F4xx_HAL_Driver/Src/stm32f4xx_hal_cortex.c.obj
 .text.__NVIC_EnableIRQ
                0x08001e90       0x3c cmake/stm32cubemx/CMakeFiles/STM32_Drivers.dir/__/__/Drivers/STM32F4xx_HAL_Driver/Src/stm32f4xx_hal_cortex.c.obj
 .text.__NVIC_SetPriority
                0x08001ecc       0x54 cmake/stm32cubemx/CMakeFiles/STM32_Drivers.dir/__/__/Drivers/STM32F4xx_HAL_Driver/Src/stm32f4xx_hal_cortex.c.obj
 .text.NVIC_EncodePriority
                0x08001f20       0x66 cmake/stm32cubemx/CMakeFiles/STM32_Drivers.dir/__/__/Drivers/STM32F4xx_HAL_Driver/Src/stm32f4xx_hal_cortex.c.obj
 *fill*         0x08001f86        0x2 
 .text.SysTick_Config
                0x08001f88       0x44 cmake/stm32cubemx/CMakeFiles/STM32_Drivers.dir/__/__/Drivers/STM32F4xx_HAL_Driver/Src/stm32f4xx_hal_cortex.c.obj
 .text.HAL_NVIC_SetPriorityGrouping
                0x08001fcc       0x16 cmake/stm32cubemx/CMakeFiles/STM32_Drivers.dir/__/__/Drivers/STM32F4xx_HAL_Driver/Src/stm32f4xx_hal_cortex.c.obj
                0x08001fcc                HAL_NVIC_SetPriorityGrouping
 .text.HAL_NVIC_SetPriority
                0x08001fe2       0x38 cmake/stm32cubemx/CMakeFiles/STM32_Drivers.dir/__/__/Drivers/STM32F4xx_HAL_Driver/Src/stm32f4xx_hal_cortex.c.obj
                0x08001fe2                HAL_NVIC_SetPriority
 .text.HAL_NVIC_EnableIRQ
                0x0800201a       0x1c cmake/stm32cubemx/CMakeFiles/STM32_Drivers.dir/__/__/Drivers/STM32F4xx_HAL_Driver/Src/stm32f4xx_hal_cortex.c.obj
                0x0800201a                HAL_NVIC_EnableIRQ
 .text.HAL_SYSTICK_Config
                0x08002036       0x18 cmake/stm32cubemx/CMakeFiles/STM32_Drivers.dir/__/__/Drivers/STM32F4xx_HAL_Driver/Src/stm32f4xx_hal_cortex.c.obj
                0x08002036                HAL_SYSTICK_Config
 *fill*         0x0800204e        0x2 
 .text.HAL_Init
                0x08002050       0x44 cmake/stm32cubemx/CMakeFiles/STM32_Drivers.dir/__/__/Drivers/STM32F4xx_HAL_Driver/Src/stm32f4xx_hal.c.obj
                0x08002050                HAL_Init
 .text.HAL_InitTick
                0x08002094       0x60 cmake/stm32cubemx/CMakeFiles/STM32_Drivers.dir/__/__/Drivers/STM32F4xx_HAL_Driver/Src/stm32f4xx_hal.c.obj
                0x08002094                HAL_InitTick
 .text.HAL_IncTick
                0x080020f4       0x28 cmake/stm32cubemx/CMakeFiles/STM32_Drivers.dir/__/__/Drivers/STM32F4xx_HAL_Driver/Src/stm32f4xx_hal.c.obj
                0x080020f4                HAL_IncTick
 .text.HAL_GetTick
                0x0800211c       0x18 cmake/stm32cubemx/CMakeFiles/STM32_Drivers.dir/__/__/Drivers/STM32F4xx_HAL_Driver/Src/stm32f4xx_hal.c.obj
                0x0800211c                HAL_GetTick
 .text.HAL_I2C_Init
                0x08002134      0x288 cmake/stm32cubemx/CMakeFiles/STM32_Drivers.dir/__/__/Drivers/STM32F4xx_HAL_Driver/Src/stm32f4xx_hal_i2c.c.obj
                0x08002134                HAL_I2C_Init
 .text.I2C_Flush_DR
                0x080023bc       0x2a cmake/stm32cubemx/CMakeFiles/STM32_Drivers.dir/__/__/Drivers/STM32F4xx_HAL_Driver/Src/stm32f4xx_hal_i2c.c.obj
 *fill*         0x080023e6        0x2 
 .text.HAL_I2C_Master_Transmit_DMA
                0x080023e8      0x258 cmake/stm32cubemx/CMakeFiles/STM32_Drivers.dir/__/__/Drivers/STM32F4xx_HAL_Driver/Src/stm32f4xx_hal_i2c.c.obj
                0x080023e8                HAL_I2C_Master_Transmit_DMA
 .text.HAL_I2C_IsDeviceReady
                0x08002640      0x25c cmake/stm32cubemx/CMakeFiles/STM32_Drivers.dir/__/__/Drivers/STM32F4xx_HAL_Driver/Src/stm32f4xx_hal_i2c.c.obj
                0x08002640                HAL_I2C_IsDeviceReady
 .text.HAL_I2C_EV_IRQHandler
                0x0800289c      0x2e2 cmake/stm32cubemx/CMakeFiles/STM32_Drivers.dir/__/__/Drivers/STM32F4xx_HAL_Driver/Src/stm32f4xx_hal_i2c.c.obj
                0x0800289c                HAL_I2C_EV_IRQHandler
 .text.HAL_I2C_ER_IRQHandler
                0x08002b7e      0x14e cmake/stm32cubemx/CMakeFiles/STM32_Drivers.dir/__/__/Drivers/STM32F4xx_HAL_Driver/Src/stm32f4xx_hal_i2c.c.obj
                0x08002b7e                HAL_I2C_ER_IRQHandler
 .text.HAL_I2C_MasterTxCpltCallback
                0x08002ccc       0x14 cmake/stm32cubemx/CMakeFiles/STM32_Drivers.dir/__/__/Drivers/STM32F4xx_HAL_Driver/Src/stm32f4xx_hal_i2c.c.obj
                0x08002ccc                HAL_I2C_MasterTxCpltCallback
 .text.HAL_I2C_MasterRxCpltCallback
                0x08002ce0       0x14 cmake/stm32cubemx/CMakeFiles/STM32_Drivers.dir/__/__/Drivers/STM32F4xx_HAL_Driver/Src/stm32f4xx_hal_i2c.c.obj
                0x08002ce0                HAL_I2C_MasterRxCpltCallback
 .text.HAL_I2C_SlaveTxCpltCallback
                0x08002cf4       0x14 cmake/stm32cubemx/CMakeFiles/STM32_Drivers.dir/__/__/Drivers/STM32F4xx_HAL_Driver/Src/stm32f4xx_hal_i2c.c.obj
                0x08002cf4                HAL_I2C_SlaveTxCpltCallback
 .text.HAL_I2C_SlaveRxCpltCallback
                0x08002d08       0x14 cmake/stm32cubemx/CMakeFiles/STM32_Drivers.dir/__/__/Drivers/STM32F4xx_HAL_Driver/Src/stm32f4xx_hal_i2c.c.obj
                0x08002d08                HAL_I2C_SlaveRxCpltCallback
 .text.HAL_I2C_AddrCallback
                0x08002d1c       0x1c cmake/stm32cubemx/CMakeFiles/STM32_Drivers.dir/__/__/Drivers/STM32F4xx_HAL_Driver/Src/stm32f4xx_hal_i2c.c.obj
                0x08002d1c                HAL_I2C_AddrCallback
 .text.HAL_I2C_ListenCpltCallback
                0x08002d38       0x14 cmake/stm32cubemx/CMakeFiles/STM32_Drivers.dir/__/__/Drivers/STM32F4xx_HAL_Driver/Src/stm32f4xx_hal_i2c.c.obj
                0x08002d38                HAL_I2C_ListenCpltCallback
 .text.HAL_I2C_MemTxCpltCallback
                0x08002d4c       0x14 cmake/stm32cubemx/CMakeFiles/STM32_Drivers.dir/__/__/Drivers/STM32F4xx_HAL_Driver/Src/stm32f4xx_hal_i2c.c.obj
                0x08002d4c                HAL_I2C_MemTxCpltCallback
 .text.HAL_I2C_MemRxCpltCallback
                0x08002d60       0x14 cmake/stm32cubemx/CMakeFiles/STM32_Drivers.dir/__/__/Drivers/STM32F4xx_HAL_Driver/Src/stm32f4xx_hal_i2c.c.obj
                0x08002d60                HAL_I2C_MemRxCpltCallback
 .text.HAL_I2C_ErrorCallback
                0x08002d74       0x14 cmake/stm32cubemx/CMakeFiles/STM32_Drivers.dir/__/__/Drivers/STM32F4xx_HAL_Driver/Src/stm32f4xx_hal_i2c.c.obj
                0x08002d74                HAL_I2C_ErrorCallback
 .text.HAL_I2C_AbortCpltCallback
                0x08002d88       0x14 cmake/stm32cubemx/CMakeFiles/STM32_Drivers.dir/__/__/Drivers/STM32F4xx_HAL_Driver/Src/stm32f4xx_hal_i2c.c.obj
                0x08002d88                HAL_I2C_AbortCpltCallback
 .text.HAL_I2C_GetState
                0x08002d9c       0x1c cmake/stm32cubemx/CMakeFiles/STM32_Drivers.dir/__/__/Drivers/STM32F4xx_HAL_Driver/Src/stm32f4xx_hal_i2c.c.obj
                0x08002d9c                HAL_I2C_GetState
 .text.I2C_MasterTransmit_TXE
                0x08002db8      0x138 cmake/stm32cubemx/CMakeFiles/STM32_Drivers.dir/__/__/Drivers/STM32F4xx_HAL_Driver/Src/stm32f4xx_hal_i2c.c.obj
 .text.I2C_MasterTransmit_BTF
                0x08002ef0       0xec cmake/stm32cubemx/CMakeFiles/STM32_Drivers.dir/__/__/Drivers/STM32F4xx_HAL_Driver/Src/stm32f4xx_hal_i2c.c.obj
 .text.I2C_MemoryTransmit_TXE_BTF
                0x08002fdc      0x130 cmake/stm32cubemx/CMakeFiles/STM32_Drivers.dir/__/__/Drivers/STM32F4xx_HAL_Driver/Src/stm32f4xx_hal_i2c.c.obj
 .text.I2C_MasterReceive_RXNE
                0x0800310c      0x190 cmake/stm32cubemx/CMakeFiles/STM32_Drivers.dir/__/__/Drivers/STM32F4xx_HAL_Driver/Src/stm32f4xx_hal_i2c.c.obj
 .text.I2C_MasterReceive_BTF
                0x0800329c      0x1e2 cmake/stm32cubemx/CMakeFiles/STM32_Drivers.dir/__/__/Drivers/STM32F4xx_HAL_Driver/Src/stm32f4xx_hal_i2c.c.obj
 .text.I2C_Master_SB
                0x0800347e      0x10c cmake/stm32cubemx/CMakeFiles/STM32_Drivers.dir/__/__/Drivers/STM32F4xx_HAL_Driver/Src/stm32f4xx_hal_i2c.c.obj
 .text.I2C_Master_ADD10
                0x0800358a       0x54 cmake/stm32cubemx/CMakeFiles/STM32_Drivers.dir/__/__/Drivers/STM32F4xx_HAL_Driver/Src/stm32f4xx_hal_i2c.c.obj
 .text.I2C_Master_ADDR
                0x080035de      0x322 cmake/stm32cubemx/CMakeFiles/STM32_Drivers.dir/__/__/Drivers/STM32F4xx_HAL_Driver/Src/stm32f4xx_hal_i2c.c.obj
 .text.I2C_SlaveTransmit_TXE
                0x08003900       0x7a cmake/stm32cubemx/CMakeFiles/STM32_Drivers.dir/__/__/Drivers/STM32F4xx_HAL_Driver/Src/stm32f4xx_hal_i2c.c.obj
 .text.I2C_SlaveTransmit_BTF
                0x0800397a       0x42 cmake/stm32cubemx/CMakeFiles/STM32_Drivers.dir/__/__/Drivers/STM32F4xx_HAL_Driver/Src/stm32f4xx_hal_i2c.c.obj
 .text.I2C_SlaveReceive_RXNE
                0x080039bc       0x7c cmake/stm32cubemx/CMakeFiles/STM32_Drivers.dir/__/__/Drivers/STM32F4xx_HAL_Driver/Src/stm32f4xx_hal_i2c.c.obj
 .text.I2C_SlaveReceive_BTF
                0x08003a38       0x44 cmake/stm32cubemx/CMakeFiles/STM32_Drivers.dir/__/__/Drivers/STM32F4xx_HAL_Driver/Src/stm32f4xx_hal_i2c.c.obj
 .text.I2C_Slave_ADDR
                0x08003a7c       0x94 cmake/stm32cubemx/CMakeFiles/STM32_Drivers.dir/__/__/Drivers/STM32F4xx_HAL_Driver/Src/stm32f4xx_hal_i2c.c.obj
 .text.I2C_Slave_STOPF
                0x08003b10      0x260 cmake/stm32cubemx/CMakeFiles/STM32_Drivers.dir/__/__/Drivers/STM32F4xx_HAL_Driver/Src/stm32f4xx_hal_i2c.c.obj
 .text.I2C_Slave_AF
                0x08003d70       0xe8 cmake/stm32cubemx/CMakeFiles/STM32_Drivers.dir/__/__/Drivers/STM32F4xx_HAL_Driver/Src/stm32f4xx_hal_i2c.c.obj
 .text.I2C_ITError
                0x08003e58      0x264 cmake/stm32cubemx/CMakeFiles/STM32_Drivers.dir/__/__/Drivers/STM32F4xx_HAL_Driver/Src/stm32f4xx_hal_i2c.c.obj
 .text.I2C_DMAXferCplt
                0x080040bc      0x1be cmake/stm32cubemx/CMakeFiles/STM32_Drivers.dir/__/__/Drivers/STM32F4xx_HAL_Driver/Src/stm32f4xx_hal_i2c.c.obj
 .text.I2C_DMAError
                0x0800427a       0x7a cmake/stm32cubemx/CMakeFiles/STM32_Drivers.dir/__/__/Drivers/STM32F4xx_HAL_Driver/Src/stm32f4xx_hal_i2c.c.obj
 .text.I2C_DMAAbort
                0x080042f4      0x150 cmake/stm32cubemx/CMakeFiles/STM32_Drivers.dir/__/__/Drivers/STM32F4xx_HAL_Driver/Src/stm32f4xx_hal_i2c.c.obj
 .text.I2C_WaitOnFlagUntilTimeout
                0x08004444       0xf4 cmake/stm32cubemx/CMakeFiles/STM32_Drivers.dir/__/__/Drivers/STM32F4xx_HAL_Driver/Src/stm32f4xx_hal_i2c.c.obj
 .text.I2C_WaitOnSTOPRequestThroughIT
                0x08004538       0x64 cmake/stm32cubemx/CMakeFiles/STM32_Drivers.dir/__/__/Drivers/STM32F4xx_HAL_Driver/Src/stm32f4xx_hal_i2c.c.obj
 .text.I2C_ConvertOtherXferOptions
                0x0800459c       0x36 cmake/stm32cubemx/CMakeFiles/STM32_Drivers.dir/__/__/Drivers/STM32F4xx_HAL_Driver/Src/stm32f4xx_hal_i2c.c.obj
 .text.HAL_TIM_Base_Init
                0x080045d2       0x9e cmake/stm32cubemx/CMakeFiles/STM32_Drivers.dir/__/__/Drivers/STM32F4xx_HAL_Driver/Src/stm32f4xx_hal_tim.c.obj
                0x080045d2                HAL_TIM_Base_Init
 .text.HAL_TIM_Base_Start_IT
                0x08004670       0xe0 cmake/stm32cubemx/CMakeFiles/STM32_Drivers.dir/__/__/Drivers/STM32F4xx_HAL_Driver/Src/stm32f4xx_hal_tim.c.obj
                0x08004670                HAL_TIM_Base_Start_IT
 .text.HAL_TIM_PWM_Init
                0x08004750       0x9e cmake/stm32cubemx/CMakeFiles/STM32_Drivers.dir/__/__/Drivers/STM32F4xx_HAL_Driver/Src/stm32f4xx_hal_tim.c.obj
                0x08004750                HAL_TIM_PWM_Init
 .text.HAL_TIM_PWM_MspInit
                0x080047ee       0x14 cmake/stm32cubemx/CMakeFiles/STM32_Drivers.dir/__/__/Drivers/STM32F4xx_HAL_Driver/Src/stm32f4xx_hal_tim.c.obj
                0x080047ee                HAL_TIM_PWM_MspInit
 *fill*         0x08004802        0x2 
 .text.HAL_TIM_PWM_Start
                0x08004804      0x190 cmake/stm32cubemx/CMakeFiles/STM32_Drivers.dir/__/__/Drivers/STM32F4xx_HAL_Driver/Src/stm32f4xx_hal_tim.c.obj
                0x08004804                HAL_TIM_PWM_Start
 .text.HAL_TIM_IRQHandler
                0x08004994      0x1e0 cmake/stm32cubemx/CMakeFiles/STM32_Drivers.dir/__/__/Drivers/STM32F4xx_HAL_Driver/Src/stm32f4xx_hal_tim.c.obj
                0x08004994                HAL_TIM_IRQHandler
 .text.HAL_TIM_PWM_ConfigChannel
                0x08004b74      0x184 cmake/stm32cubemx/CMakeFiles/STM32_Drivers.dir/__/__/Drivers/STM32F4xx_HAL_Driver/Src/stm32f4xx_hal_tim.c.obj
                0x08004b74                HAL_TIM_PWM_ConfigChannel
 .text.HAL_TIM_ConfigClockSource
                0x08004cf8      0x18e cmake/stm32cubemx/CMakeFiles/STM32_Drivers.dir/__/__/Drivers/STM32F4xx_HAL_Driver/Src/stm32f4xx_hal_tim.c.obj
                0x08004cf8                HAL_TIM_ConfigClockSource
 .text.HAL_TIM_OC_DelayElapsedCallback
                0x08004e86       0x14 cmake/stm32cubemx/CMakeFiles/STM32_Drivers.dir/__/__/Drivers/STM32F4xx_HAL_Driver/Src/stm32f4xx_hal_tim.c.obj
                0x08004e86                HAL_TIM_OC_DelayElapsedCallback
 .text.HAL_TIM_IC_CaptureCallback
                0x08004e9a       0x14 cmake/stm32cubemx/CMakeFiles/STM32_Drivers.dir/__/__/Drivers/STM32F4xx_HAL_Driver/Src/stm32f4xx_hal_tim.c.obj
                0x08004e9a                HAL_TIM_IC_CaptureCallback
 .text.HAL_TIM_PWM_PulseFinishedCallback
                0x08004eae       0x14 cmake/stm32cubemx/CMakeFiles/STM32_Drivers.dir/__/__/Drivers/STM32F4xx_HAL_Driver/Src/stm32f4xx_hal_tim.c.obj
                0x08004eae                HAL_TIM_PWM_PulseFinishedCallback
 .text.HAL_TIM_TriggerCallback
                0x08004ec2       0x14 cmake/stm32cubemx/CMakeFiles/STM32_Drivers.dir/__/__/Drivers/STM32F4xx_HAL_Driver/Src/stm32f4xx_hal_tim.c.obj
                0x08004ec2                HAL_TIM_TriggerCallback
 *fill*         0x08004ed6        0x2 
 .text.TIM_Base_SetConfig
                0x08004ed8      0x14c cmake/stm32cubemx/CMakeFiles/STM32_Drivers.dir/__/__/Drivers/STM32F4xx_HAL_Driver/Src/stm32f4xx_hal_tim.c.obj
                0x08004ed8                TIM_Base_SetConfig
 .text.TIM_OC1_SetConfig
                0x08005024       0xe0 cmake/stm32cubemx/CMakeFiles/STM32_Drivers.dir/__/__/Drivers/STM32F4xx_HAL_Driver/Src/stm32f4xx_hal_tim.c.obj
 .text.TIM_OC2_SetConfig
                0x08005104       0xec cmake/stm32cubemx/CMakeFiles/STM32_Drivers.dir/__/__/Drivers/STM32F4xx_HAL_Driver/Src/stm32f4xx_hal_tim.c.obj
                0x08005104                TIM_OC2_SetConfig
 .text.TIM_OC3_SetConfig
                0x080051f0       0xe8 cmake/stm32cubemx/CMakeFiles/STM32_Drivers.dir/__/__/Drivers/STM32F4xx_HAL_Driver/Src/stm32f4xx_hal_tim.c.obj
 .text.TIM_OC4_SetConfig
                0x080052d8       0xac cmake/stm32cubemx/CMakeFiles/STM32_Drivers.dir/__/__/Drivers/STM32F4xx_HAL_Driver/Src/stm32f4xx_hal_tim.c.obj
 .text.TIM_TI1_ConfigInputStage
                0x08005384       0x5e cmake/stm32cubemx/CMakeFiles/STM32_Drivers.dir/__/__/Drivers/STM32F4xx_HAL_Driver/Src/stm32f4xx_hal_tim.c.obj
 .text.TIM_TI2_ConfigInputStage
                0x080053e2       0x60 cmake/stm32cubemx/CMakeFiles/STM32_Drivers.dir/__/__/Drivers/STM32F4xx_HAL_Driver/Src/stm32f4xx_hal_tim.c.obj
 .text.TIM_ITRx_SetConfig
                0x08005442       0x36 cmake/stm32cubemx/CMakeFiles/STM32_Drivers.dir/__/__/Drivers/STM32F4xx_HAL_Driver/Src/stm32f4xx_hal_tim.c.obj
 .text.TIM_ETR_SetConfig
                0x08005478       0x40 cmake/stm32cubemx/CMakeFiles/STM32_Drivers.dir/__/__/Drivers/STM32F4xx_HAL_Driver/Src/stm32f4xx_hal_tim.c.obj
                0x08005478                TIM_ETR_SetConfig
 .text.TIM_CCxChannelCmd
                0x080054b8       0x4a cmake/stm32cubemx/CMakeFiles/STM32_Drivers.dir/__/__/Drivers/STM32F4xx_HAL_Driver/Src/stm32f4xx_hal_tim.c.obj
                0x080054b8                TIM_CCxChannelCmd
 *fill*         0x08005502        0x2 
 .text.HAL_TIMEx_MasterConfigSynchronization
                0x08005504       0xf8 cmake/stm32cubemx/CMakeFiles/STM32_Drivers.dir/__/__/Drivers/STM32F4xx_HAL_Driver/Src/stm32f4xx_hal_tim_ex.c.obj
                0x08005504                HAL_TIMEx_MasterConfigSynchronization
 .text.HAL_TIMEx_CommutCallback
                0x080055fc       0x14 cmake/stm32cubemx/CMakeFiles/STM32_Drivers.dir/__/__/Drivers/STM32F4xx_HAL_Driver/Src/stm32f4xx_hal_tim_ex.c.obj
                0x080055fc                HAL_TIMEx_CommutCallback
 .text.HAL_TIMEx_BreakCallback
                0x08005610       0x14 cmake/stm32cubemx/CMakeFiles/STM32_Drivers.dir/__/__/Drivers/STM32F4xx_HAL_Driver/Src/stm32f4xx_hal_tim_ex.c.obj
                0x08005610                HAL_TIMEx_BreakCallback
 .text.HAL_UART_Init
                0x08005624       0xa0 cmake/stm32cubemx/CMakeFiles/STM32_Drivers.dir/__/__/Drivers/STM32F4xx_HAL_Driver/Src/stm32f4xx_hal_uart.c.obj
                0x08005624                HAL_UART_Init
 .text.UART_SetConfig
                0x080056c4      0x4e8 cmake/stm32cubemx/CMakeFiles/STM32_Drivers.dir/__/__/Drivers/STM32F4xx_HAL_Driver/Src/stm32f4xx_hal_uart.c.obj
 .text.App_OLED_ShowLedStatus
                0x08005bac       0xb8 CMakeFiles/Program1.dir/Core/Src/main.c.obj
 .text.main     0x08005c64      0x188 CMakeFiles/Program1.dir/Core/Src/main.c.obj
                0x08005c64                main
 .text.SystemClock_Config
                0x08005dec       0xbc CMakeFiles/Program1.dir/Core/Src/main.c.obj
                0x08005dec                SystemClock_Config
 .text.MX_ADC1_Init
                0x08005ea8       0xa4 CMakeFiles/Program1.dir/Core/Src/main.c.obj
 .text.MX_I2C1_Init
                0x08005f4c       0x5c CMakeFiles/Program1.dir/Core/Src/main.c.obj
 .text.MX_TIM2_Init
                0x08005fa8       0x98 CMakeFiles/Program1.dir/Core/Src/main.c.obj
 .text.MX_TIM3_Init
                0x08006040       0xec CMakeFiles/Program1.dir/Core/Src/main.c.obj
 .text.MX_USART6_UART_Init
                0x0800612c       0x54 CMakeFiles/Program1.dir/Core/Src/main.c.obj
 .text.MX_GPIO_Init
                0x08006180       0xd8 CMakeFiles/Program1.dir/Core/Src/main.c.obj
 .text.HAL_TIM_PeriodElapsedCallback
                0x08006258       0x1e CMakeFiles/Program1.dir/Core/Src/main.c.obj
                0x08006258                HAL_TIM_PeriodElapsedCallback
 .text.Error_Handler
                0x08006276        0xc CMakeFiles/Program1.dir/Core/Src/main.c.obj
                0x08006276                Error_Handler
 .text.NMI_Handler
                0x08006282        0x8 CMakeFiles/Program1.dir/Core/Src/stm32f4xx_it.c.obj
                0x08006282                NMI_Handler
 .text.HardFault_Handler
                0x0800628a        0x8 CMakeFiles/Program1.dir/Core/Src/stm32f4xx_it.c.obj
                0x0800628a                HardFault_Handler
 .text.MemManage_Handler
                0x08006292        0x8 CMakeFiles/Program1.dir/Core/Src/stm32f4xx_it.c.obj
                0x08006292                MemManage_Handler
 .text.BusFault_Handler
                0x0800629a        0x8 CMakeFiles/Program1.dir/Core/Src/stm32f4xx_it.c.obj
                0x0800629a                BusFault_Handler
 .text.UsageFault_Handler
                0x080062a2        0x8 CMakeFiles/Program1.dir/Core/Src/stm32f4xx_it.c.obj
                0x080062a2                UsageFault_Handler
 .text.SVC_Handler
                0x080062aa        0xe CMakeFiles/Program1.dir/Core/Src/stm32f4xx_it.c.obj
                0x080062aa                SVC_Handler
 .text.DebugMon_Handler
                0x080062b8        0xe CMakeFiles/Program1.dir/Core/Src/stm32f4xx_it.c.obj
                0x080062b8                DebugMon_Handler
 .text.PendSV_Handler
                0x080062c6        0xe CMakeFiles/Program1.dir/Core/Src/stm32f4xx_it.c.obj
                0x080062c6                PendSV_Handler
 .text.SysTick_Handler
                0x080062d4        0xc CMakeFiles/Program1.dir/Core/Src/stm32f4xx_it.c.obj
                0x080062d4                SysTick_Handler
 .text.TIM2_IRQHandler
                0x080062e0       0x14 CMakeFiles/Program1.dir/Core/Src/stm32f4xx_it.c.obj
                0x080062e0                TIM2_IRQHandler
 .text.TIM3_IRQHandler
                0x080062f4       0x14 CMakeFiles/Program1.dir/Core/Src/stm32f4xx_it.c.obj
                0x080062f4                TIM3_IRQHandler
 .text.DMA1_Stream6_IRQHandler
                0x08006308       0x14 CMakeFiles/Program1.dir/Core/Src/stm32f4xx_it.c.obj
                0x08006308                DMA1_Stream6_IRQHandler
 .text.I2C1_EV_IRQHandler
                0x0800631c       0x14 CMakeFiles/Program1.dir/Core/Src/stm32f4xx_it.c.obj
                0x0800631c                I2C1_EV_IRQHandler
 .text.I2C1_ER_IRQHandler
                0x08006330       0x14 CMakeFiles/Program1.dir/Core/Src/stm32f4xx_it.c.obj
                0x08006330                I2C1_ER_IRQHandler
 .text.HAL_MspInit
                0x08006344       0x50 CMakeFiles/Program1.dir/Core/Src/stm32f4xx_hal_msp.c.obj
                0x08006344                HAL_MspInit
 .text.HAL_ADC_MspInit
                0x08006394       0x88 CMakeFiles/Program1.dir/Core/Src/stm32f4xx_hal_msp.c.obj
                0x08006394                HAL_ADC_MspInit
 .text.HAL_I2C_MspInit
                0x0800641c      0x144 CMakeFiles/Program1.dir/Core/Src/stm32f4xx_hal_msp.c.obj
                0x0800641c                HAL_I2C_MspInit
 .text.HAL_TIM_Base_MspInit
                0x08006560       0x88 CMakeFiles/Program1.dir/Core/Src/stm32f4xx_hal_msp.c.obj
                0x08006560                HAL_TIM_Base_MspInit
 .text.HAL_TIM_MspPostInit
                0x080065e8       0x74 CMakeFiles/Program1.dir/Core/Src/stm32f4xx_hal_msp.c.obj
                0x080065e8                HAL_TIM_MspPostInit
 .text.HAL_UART_MspInit
                0x0800665c       0x90 CMakeFiles/Program1.dir/Core/Src/stm32f4xx_hal_msp.c.obj
                0x0800665c                HAL_UART_MspInit
 .text._sbrk    0x080066ec       0x6c CMakeFiles/Program1.dir/Core/Src/sysmem.c.obj
                0x080066ec                _sbrk
 .text.Reset_Handler
                0x08006758       0x50 CMakeFiles/Program1.dir/startup_stm32f407xx.s.obj
                0x08006758                Reset_Handler
 .text.Default_Handler
                0x080067a8        0x2 CMakeFiles/Program1.dir/startup_stm32f407xx.s.obj
                0x080067a8                RTC_Alarm_IRQHandler
                0x080067a8                HASH_RNG_IRQHandler
                0x080067a8                EXTI2_IRQHandler
                0x080067a8                TIM8_CC_IRQHandler
                0x080067a8                TIM1_CC_IRQHandler
                0x080067a8                DMA2_Stream5_IRQHandler
                0x080067a8                DMA1_Stream5_IRQHandler
                0x080067a8                PVD_IRQHandler
                0x080067a8                SDIO_IRQHandler
                0x080067a8                TAMP_STAMP_IRQHandler
                0x080067a8                CAN2_RX1_IRQHandler
                0x080067a8                EXTI3_IRQHandler
                0x080067a8                TIM8_TRG_COM_TIM14_IRQHandler
                0x080067a8                TIM1_UP_TIM10_IRQHandler
                0x080067a8                TIM8_UP_TIM13_IRQHandler
                0x080067a8                I2C3_ER_IRQHandler
                0x080067a8                EXTI0_IRQHandler
                0x080067a8                I2C2_EV_IRQHandler
                0x080067a8                DMA1_Stream2_IRQHandler
                0x080067a8                CAN1_RX0_IRQHandler
                0x080067a8                FPU_IRQHandler
                0x080067a8                OTG_HS_WKUP_IRQHandler
                0x080067a8                CAN2_SCE_IRQHandler
                0x080067a8                DMA2_Stream2_IRQHandler
                0x080067a8                SPI1_IRQHandler
                0x080067a8                TIM6_DAC_IRQHandler
                0x080067a8                TIM1_BRK_TIM9_IRQHandler
                0x080067a8                DCMI_IRQHandler
                0x080067a8                CAN2_RX0_IRQHandler
                0x080067a8                DMA2_Stream3_IRQHandler
                0x080067a8                USART6_IRQHandler
                0x080067a8                USART3_IRQHandler
                0x080067a8                CAN1_RX1_IRQHandler
                0x080067a8                UART5_IRQHandler
                0x080067a8                DMA2_Stream0_IRQHandler
                0x080067a8                TIM4_IRQHandler
                0x080067a8                DMA1_Stream1_IRQHandler
                0x080067a8                UART4_IRQHandler
                0x080067a8                RCC_IRQHandler
                0x080067a8                TIM8_BRK_TIM12_IRQHandler
                0x080067a8                Default_Handler
                0x080067a8                EXTI15_10_IRQHandler
                0x080067a8                ADC_IRQHandler
                0x080067a8                DMA1_Stream7_IRQHandler
                0x080067a8                TIM7_IRQHandler
                0x080067a8                CAN2_TX_IRQHandler
                0x080067a8                TIM5_IRQHandler
                0x080067a8                DMA2_Stream7_IRQHandler
                0x080067a8                I2C3_EV_IRQHandler
                0x080067a8                EXTI9_5_IRQHandler
                0x080067a8                RTC_WKUP_IRQHandler
                0x080067a8                ETH_WKUP_IRQHandler
                0x080067a8                SPI2_IRQHandler
                0x080067a8                OTG_HS_EP1_IN_IRQHandler
                0x080067a8                DMA1_Stream0_IRQHandler
                0x080067a8                CAN1_TX_IRQHandler
                0x080067a8                EXTI4_IRQHandler
                0x080067a8                FSMC_IRQHandler
                0x080067a8                ETH_IRQHandler
                0x080067a8                OTG_HS_EP1_OUT_IRQHandler
                0x080067a8                WWDG_IRQHandler
                0x080067a8                OTG_FS_WKUP_IRQHandler
                0x080067a8                TIM1_TRG_COM_TIM11_IRQHandler
                0x080067a8                OTG_HS_IRQHandler
                0x080067a8                EXTI1_IRQHandler
                0x080067a8                USART2_IRQHandler
                0x080067a8                I2C2_ER_IRQHandler
                0x080067a8                DMA2_Stream1_IRQHandler
                0x080067a8                CAN1_SCE_IRQHandler
                0x080067a8                FLASH_IRQHandler
                0x080067a8                DMA2_Stream4_IRQHandler
                0x080067a8                USART1_IRQHandler
                0x080067a8                OTG_FS_IRQHandler
                0x080067a8                SPI3_IRQHandler
                0x080067a8                DMA1_Stream4_IRQHandler
                0x080067a8                DMA2_Stream6_IRQHandler
                0x080067a8                DMA1_Stream3_IRQHandler
 *fill*         0x080067aa        0x2 
 .text.Key_TimerScan1ms
                0x080067ac       0xd0 CMakeFiles/Program1.dir/Core/Src/key.c.obj
                0x080067ac                Key_TimerScan1ms
 .text.Key_Scan
                0x0800687c       0x34 CMakeFiles/Program1.dir/Core/Src/key.c.obj
                0x0800687c                Key_Scan
 .text.LED_OutputCurrent
                0x080068b0       0x54 CMakeFiles/Program1.dir/Core/Src/led.c.obj
 .text.LED_Init
                0x08006904       0x44 CMakeFiles/Program1.dir/Core/Src/led.c.obj
                0x08006904                LED_Init
 .text.LED_Task
                0x08006948       0x90 CMakeFiles/Program1.dir/Core/Src/led.c.obj
                0x08006948                LED_Task
 .text.LED_ToggleRun
                0x080069d8       0x30 CMakeFiles/Program1.dir/Core/Src/led.c.obj
                0x080069d8                LED_ToggleRun
 .text.LED_CycleSpeedPreset
                0x08006a08       0x3c CMakeFiles/Program1.dir/Core/Src/led.c.obj
                0x08006a08                LED_CycleSpeedPreset
 .text.LED_ToggleDirection
                0x08006a44       0x28 CMakeFiles/Program1.dir/Core/Src/led.c.obj
                0x08006a44                LED_ToggleDirection
 .text.LED_GetStepMs
                0x08006a6c       0x24 CMakeFiles/Program1.dir/Core/Src/led.c.obj
                0x08006a6c                LED_GetStepMs
 .text.LED_GetDirection
                0x08006a90       0x18 CMakeFiles/Program1.dir/Core/Src/led.c.obj
                0x08006a90                LED_GetDirection
 .text.LED_IsRunning
                0x08006aa8       0x18 CMakeFiles/Program1.dir/Core/Src/led.c.obj
                0x08006aa8                LED_IsRunning
 .text.Music_ApplyCurrentTone
                0x08006ac0       0x84 CMakeFiles/Program1.dir/Core/Src/music.c.obj
 .text.Music_GetTimerClock
                0x08006b44       0x90 CMakeFiles/Program1.dir/Core/Src/music.c.obj
 .text.Music_Init
                0x08006bd4       0x94 CMakeFiles/Program1.dir/Core/Src/music.c.obj
                0x08006bd4                Music_Init
 .text.Music_SetFrequency
                0x08006c68      0x164 CMakeFiles/Program1.dir/Core/Src/music.c.obj
                0x08006c68                Music_SetFrequency
 .text.Music_StartMelody
                0x08006dcc       0x9c CMakeFiles/Program1.dir/Core/Src/music.c.obj
                0x08006dcc                Music_StartMelody
 .text.OLED_GetGlyph
                0x08006e68       0xa0 CMakeFiles/Program1.dir/Core/Src/oled.c.obj
 .text.OLED_WaitI2CReady
                0x08006f08       0x40 CMakeFiles/Program1.dir/Core/Src/oled.c.obj
 .text.OLED_TransmitDMA
                0x08006f48       0x60 CMakeFiles/Program1.dir/Core/Src/oled.c.obj
 .text.OLED_DetectAddress
                0x08006fa8       0x4c CMakeFiles/Program1.dir/Core/Src/oled.c.obj
 .text.OLED_SendCommand
                0x08006ff4       0x28 CMakeFiles/Program1.dir/Core/Src/oled.c.obj
 .text.OLED_SetFullFrameWindow
                0x0800701c       0x7a CMakeFiles/Program1.dir/Core/Src/oled.c.obj
 *fill*         0x08007096        0x2 
 .text.OLED_Init
                0x08007098       0x7c CMakeFiles/Program1.dir/Core/Src/oled.c.obj
                0x08007098                OLED_Init
 .text.OLED_Clear
                0x08007114       0x18 CMakeFiles/Program1.dir/Core/Src/oled.c.obj
                0x08007114                OLED_Clear
 .text.OLED_Fill
                0x0800712c       0x30 CMakeFiles/Program1.dir/Core/Src/oled.c.obj
                0x0800712c                OLED_Fill
 .text.OLED_SetCursor
                0x0800715c       0x40 CMakeFiles/Program1.dir/Core/Src/oled.c.obj
                0x0800715c                OLED_SetCursor
 .text.OLED_WriteChar
                0x0800719c       0xa8 CMakeFiles/Program1.dir/Core/Src/oled.c.obj
                0x0800719c                OLED_WriteChar
 .text.OLED_WriteString
                0x08007244       0x32 CMakeFiles/Program1.dir/Core/Src/oled.c.obj
                0x08007244                OLED_WriteString
 *fill*         0x08007276        0x2 
 .text.OLED_UpdateScreenDMA
                0x08007278       0x5c CMakeFiles/Program1.dir/Core/Src/oled.c.obj
                0x08007278                OLED_UpdateScreenDMA
 .text.OLED_BenchmarkFPS
                0x080072d4      0x14c CMakeFiles/Program1.dir/Core/Src/oled.c.obj
                0x080072d4                OLED_BenchmarkFPS
 .text.snprintf
                0x08007420       0x6c C:/Users/marti/AppData/Local/stm32cube/bundles/gnu-tools-for-stm32/13.3.1+st.9/bin/../lib/gcc/arm-none-eabi/13.3.1/../../../../arm-none-eabi/lib/thumb/v7e-m+fp/hard\libg_nano.a(libc_a-snprintf.o)
                0x08007420                sniprintf
                0x08007420                snprintf
 .text.memset   0x0800748c       0x10 C:/Users/marti/AppData/Local/stm32cube/bundles/gnu-tools-for-stm32/13.3.1+st.9/bin/../lib/gcc/arm-none-eabi/13.3.1/../../../../arm-none-eabi/lib/thumb/v7e-m+fp/hard\libg_nano.a(libc_a-memset.o)
                0x0800748c                memset
 .text.__errno  0x0800749c        0xc C:/Users/marti/AppData/Local/stm32cube/bundles/gnu-tools-for-stm32/13.3.1+st.9/bin/../lib/gcc/arm-none-eabi/13.3.1/../../../../arm-none-eabi/lib/thumb/v7e-m+fp/hard\libg_nano.a(libc_a-errno.o)
                0x0800749c                __errno
 .text.__libc_init_array
                0x080074a8       0x48 C:/Users/marti/AppData/Local/stm32cube/bundles/gnu-tools-for-stm32/13.3.1+st.9/bin/../lib/gcc/arm-none-eabi/13.3.1/../../../../arm-none-eabi/lib/thumb/v7e-m+fp/hard\libg_nano.a(libc_a-init.o)
                0x080074a8                __libc_init_array
 .text.__retarget_lock_acquire_recursive
                0x080074f0        0x2 C:/Users/marti/AppData/Local/stm32cube/bundles/gnu-tools-for-stm32/13.3.1+st.9/bin/../lib/gcc/arm-none-eabi/13.3.1/../../../../arm-none-eabi/lib/thumb/v7e-m+fp/hard\libg_nano.a(libc_a-lock.o)
                0x080074f0                __retarget_lock_acquire_recursive
 .text.__retarget_lock_release_recursive
                0x080074f2        0x2 C:/Users/marti/AppData/Local/stm32cube/bundles/gnu-tools-for-stm32/13.3.1+st.9/bin/../lib/gcc/arm-none-eabi/13.3.1/../../../../arm-none-eabi/lib/thumb/v7e-m+fp/hard\libg_nano.a(libc_a-lock.o)
                0x080074f2                __retarget_lock_release_recursive
 .text.memcpy   0x080074f4       0x1c C:/Users/marti/AppData/Local/stm32cube/bundles/gnu-tools-for-stm32/13.3.1+st.9/bin/../lib/gcc/arm-none-eabi/13.3.1/../../../../arm-none-eabi/lib/thumb/v7e-m+fp/hard\libg_nano.a(libc_a-memcpy-stub.o)
                0x080074f4                memcpy
 .text._free_r  0x08007510       0x94 C:/Users/marti/AppData/Local/stm32cube/bundles/gnu-tools-for-stm32/13.3.1+st.9/bin/../lib/gcc/arm-none-eabi/13.3.1/../../../../arm-none-eabi/lib/thumb/v7e-m+fp/hard\libg_nano.a(libc_a-freer.o)
                0x08007510                _free_r
 .text.sbrk_aligned
                0x080075a4       0x44 C:/Users/marti/AppData/Local/stm32cube/bundles/gnu-tools-for-stm32/13.3.1+st.9/bin/../lib/gcc/arm-none-eabi/13.3.1/../../../../arm-none-eabi/lib/thumb/v7e-m+fp/hard\libg_nano.a(libc_a-mallocr.o)
 .text._malloc_r
                0x080075e8      0x100 C:/Users/marti/AppData/Local/stm32cube/bundles/gnu-tools-for-stm32/13.3.1+st.9/bin/../lib/gcc/arm-none-eabi/13.3.1/../../../../arm-none-eabi/lib/thumb/v7e-m+fp/hard\libg_nano.a(libc_a-mallocr.o)
                0x080075e8                _malloc_r
 .text.__malloc_lock
                0x080076e8        0xc C:/Users/marti/AppData/Local/stm32cube/bundles/gnu-tools-for-stm32/13.3.1+st.9/bin/../lib/gcc/arm-none-eabi/13.3.1/../../../../arm-none-eabi/lib/thumb/v7e-m+fp/hard\libg_nano.a(libc_a-mlock.o)
                0x080076e8                __malloc_lock
 .text.__malloc_unlock
                0x080076f4        0xc C:/Users/marti/AppData/Local/stm32cube/bundles/gnu-tools-for-stm32/13.3.1+st.9/bin/../lib/gcc/arm-none-eabi/13.3.1/../../../../arm-none-eabi/lib/thumb/v7e-m+fp/hard\libg_nano.a(libc_a-mlock.o)
                0x080076f4                __malloc_unlock
 .text.__ssputs_r
                0x08007700       0xb6 C:/Users/marti/AppData/Local/stm32cube/bundles/gnu-tools-for-stm32/13.3.1+st.9/bin/../lib/gcc/arm-none-eabi/13.3.1/../../../../arm-none-eabi/lib/thumb/v7e-m+fp/hard\libg_nano.a(libc_a-nano-svfprintf.o)
                0x08007700                __ssputs_r
 *fill*         0x080077b6        0x2 
 .text._svfprintf_r
                0x080077b8      0x1f8 C:/Users/marti/AppData/Local/stm32cube/bundles/gnu-tools-for-stm32/13.3.1+st.9/bin/../lib/gcc/arm-none-eabi/13.3.1/../../../../arm-none-eabi/lib/thumb/v7e-m+fp/hard\libg_nano.a(libc_a-nano-svfprintf.o)
                0x080077b8                _svfiprintf_r
                0x080077b8                _svfprintf_r
 .text._printf_common
                0x080079b0       0xda C:/Users/marti/AppData/Local/stm32cube/bundles/gnu-tools-for-stm32/13.3.1+st.9/bin/../lib/gcc/arm-none-eabi/13.3.1/../../../../arm-none-eabi/lib/thumb/v7e-m+fp/hard\libg_nano.a(libc_a-nano-vfprintf_i.o)
                0x080079b0                _printf_common
 *fill*         0x08007a8a        0x2 
 .text._printf_i
                0x08007a8c      0x23c C:/Users/marti/AppData/Local/stm32cube/bundles/gnu-tools-for-stm32/13.3.1+st.9/bin/../lib/gcc/arm-none-eabi/13.3.1/../../../../arm-none-eabi/lib/thumb/v7e-m+fp/hard\libg_nano.a(libc_a-nano-vfprintf_i.o)
                0x08007a8c                _printf_i
 .text.memmove  0x08007cc8       0x34 C:/Users/marti/AppData/Local/stm32cube/bundles/gnu-tools-for-stm32/13.3.1+st.9/bin/../lib/gcc/arm-none-eabi/13.3.1/../../../../arm-none-eabi/lib/thumb/v7e-m+fp/hard\libg_nano.a(libc_a-memmove.o)
                0x08007cc8                memmove
 .text._sbrk_r  0x08007cfc       0x20 C:/Users/marti/AppData/Local/stm32cube/bundles/gnu-tools-for-stm32/13.3.1+st.9/bin/../lib/gcc/arm-none-eabi/13.3.1/../../../../arm-none-eabi/lib/thumb/v7e-m+fp/hard\libg_nano.a(libc_a-sbrkr.o)
                0x08007cfc                _sbrk_r
 .text._realloc_r
                0x08007d1c       0x5c C:/Users/marti/AppData/Local/stm32cube/bundles/gnu-tools-for-stm32/13.3.1+st.9/bin/../lib/gcc/arm-none-eabi/13.3.1/../../../../arm-none-eabi/lib/thumb/v7e-m+fp/hard\libg_nano.a(libc_a-reallocr.o)
                0x08007d1c                _realloc_r
 .text._malloc_usable_size_r
                0x08007d78       0x10 C:/Users/marti/AppData/Local/stm32cube/bundles/gnu-tools-for-stm32/13.3.1+st.9/bin/../lib/gcc/arm-none-eabi/13.3.1/../../../../arm-none-eabi/lib/thumb/v7e-m+fp/hard\libg_nano.a(libc_a-msizer.o)
                0x08007d78                _malloc_usable_size_r
 *(.glue_7)
 .glue_7        0x08007d88        0x0 linker stubs
 *(.glue_7t)
 .glue_7t       0x08007d88        0x0 linker stubs
 *(.eh_frame)
 .eh_frame      0x08007d88        0x0 C:/Users/marti/AppData/Local/stm32cube/bundles/gnu-tools-for-stm32/13.3.1+st.9/bin/../lib/gcc/arm-none-eabi/13.3.1/thumb/v7e-m+fp/hard/crtbegin.o
 *(.init)
 .init          0x08007d88        0x4 C:/Users/marti/AppData/Local/stm32cube/bundles/gnu-tools-for-stm32/13.3.1+st.9/bin/../lib/gcc/arm-none-eabi/13.3.1/thumb/v7e-m+fp/hard/crti.o
                0x08007d88                _init
 .init          0x08007d8c        0x8 C:/Users/marti/AppData/Local/stm32cube/bundles/gnu-tools-for-stm32/13.3.1+st.9/bin/../lib/gcc/arm-none-eabi/13.3.1/thumb/v7e-m+fp/hard/crtn.o
 *(.fini)
 .fini          0x08007d94        0x4 C:/Users/marti/AppData/Local/stm32cube/bundles/gnu-tools-for-stm32/13.3.1+st.9/bin/../lib/gcc/arm-none-eabi/13.3.1/thumb/v7e-m+fp/hard/crti.o
                0x08007d94                _fini
 .fini          0x08007d98        0x8 C:/Users/marti/AppData/Local/stm32cube/bundles/gnu-tools-for-stm32/13.3.1+st.9/bin/../lib/gcc/arm-none-eabi/13.3.1/thumb/v7e-m+fp/hard/crtn.o
                0x08007da0                        . = ALIGN (0x4)
                0x08007da0                        _etext = .

.vfp11_veneer   0x08007da0        0x0
 .vfp11_veneer  0x08007da0        0x0 linker stubs

.v4_bx          0x08007da0        0x0
 .v4_bx         0x08007da0        0x0 linker stubs

.iplt           0x08007da0        0x0
 .iplt          0x08007da0        0x0 C:/Users/marti/AppData/Local/stm32cube/bundles/gnu-tools-for-stm32/13.3.1+st.9/bin/../lib/gcc/arm-none-eabi/13.3.1/thumb/v7e-m+fp/hard/crtbegin.o

.rodata         0x08007da0      0x2b8
                0x08007da0                        . = ALIGN (0x4)
 *(.rodata)
 .rodata        0x08007da0       0x6e CMakeFiles/Program1.dir/Core/Src/main.c.obj
 *fill*         0x08007e0e        0x2 
 .rodata        0x08007e10       0x1c CMakeFiles/Program1.dir/Core/Src/oled.c.obj
 *(.rodata*)
 .rodata.AHBPrescTable
                0x08007e2c       0x10 cmake/stm32cubemx/CMakeFiles/STM32_Drivers.dir/__/__/Core/Src/system_stm32f4xx.c.obj
                0x08007e2c                AHBPrescTable
 .rodata.APBPrescTable
                0x08007e3c        0x8 cmake/stm32cubemx/CMakeFiles/STM32_Drivers.dir/__/__/Core/Src/system_stm32f4xx.c.obj
                0x08007e3c                APBPrescTable
 .rodata.flagBitshiftOffset.0
                0x08007e44        0x8 cmake/stm32cubemx/CMakeFiles/STM32_Drivers.dir/__/__/Drivers/STM32F4xx_HAL_Driver/Src/stm32f4xx_hal_dma.c.obj
 .rodata.g_boot_melody
                0x08007e4c       0x20 CMakeFiles/Program1.dir/Core/Src/main.c.obj
 .rodata.s_key_ports
                0x08007e6c       0x18 CMakeFiles/Program1.dir/Core/Src/key.c.obj
 .rodata.s_key_pins
                0x08007e84        0xc CMakeFiles/Program1.dir/Core/Src/key.c.obj
 .rodata.s_speed_presets_ms
                0x08007e90        0x6 CMakeFiles/Program1.dir/Core/Src/led.c.obj
 *fill*         0x08007e96        0x2 
 .rodata.s_led_pins
                0x08007e98       0x10 CMakeFiles/Program1.dir/Core/Src/led.c.obj
 .rodata.OLED_FONT_MAP
                0x08007ea8      0x17a CMakeFiles/Program1.dir/Core/Src/oled.c.obj
 .rodata._svfprintf_r.str1.1
                0x08008022       0x33 C:/Users/marti/AppData/Local/stm32cube/bundles/gnu-tools-for-stm32/13.3.1+st.9/bin/../lib/gcc/arm-none-eabi/13.3.1/../../../../arm-none-eabi/lib/thumb/v7e-m+fp/hard\libg_nano.a(libc_a-nano-svfprintf.o)
                                 0x11 (size before relaxing)
 .rodata._printf_i.str1.1
                0x08008055        0x0 C:/Users/marti/AppData/Local/stm32cube/bundles/gnu-tools-for-stm32/13.3.1+st.9/bin/../lib/gcc/arm-none-eabi/13.3.1/../../../../arm-none-eabi/lib/thumb/v7e-m+fp/hard\libg_nano.a(libc_a-nano-vfprintf_i.o)
                                 0x22 (size before relaxing)
                0x08008058                        . = ALIGN (0x4)
 *fill*         0x08008055        0x3 

.ARM.extab      0x08008058        0x0
                0x08008058                        . = ALIGN (0x4)
 *(.ARM.extab* .gnu.linkonce.armextab.*)
                0x08008058                        . = ALIGN (0x4)

.ARM            0x08008058        0x8
                0x08008058                        . = ALIGN (0x4)
                0x08008058                        __exidx_start = .
 *(.ARM.exidx*)
 .ARM.exidx     0x08008058        0x8 C:/Users/marti/AppData/Local/stm32cube/bundles/gnu-tools-for-stm32/13.3.1+st.9/bin/../lib/gcc/arm-none-eabi/13.3.1/thumb/v7e-m+fp/hard\libgcc.a(_udivmoddi4.o)
 .ARM.exidx     0x08008060        0x0 C:/Users/marti/AppData/Local/stm32cube/bundles/gnu-tools-for-stm32/13.3.1+st.9/bin/../lib/gcc/arm-none-eabi/13.3.1/../../../../arm-none-eabi/lib/thumb/v7e-m+fp/hard\libg_nano.a(libc_a-memchr.o)
                                  0x8 (size before relaxing)
                0x08008060                        __exidx_end = .
                0x08008060                        . = ALIGN (0x4)

.preinit_array  0x08008060        0x0
                0x08008060                        . = ALIGN (0x4)
                0x08008060                        PROVIDE (__preinit_array_start = .)
 *(.preinit_array*)
                0x08008060                        PROVIDE (__preinit_array_end = .)
                0x08008060                        . = ALIGN (0x4)

.init_array     0x08008060        0x4
                0x08008060                        . = ALIGN (0x4)
                0x08008060                        PROVIDE (__init_array_start = .)
 *(SORT_BY_NAME(.init_array.*))
 *(.init_array*)
 .init_array    0x08008060        0x4 C:/Users/marti/AppData/Local/stm32cube/bundles/gnu-tools-for-stm32/13.3.1+st.9/bin/../lib/gcc/arm-none-eabi/13.3.1/thumb/v7e-m+fp/hard/crtbegin.o
                0x08008064                        PROVIDE (__init_array_end = .)
                0x08008064                        . = ALIGN (0x4)

.fini_array     0x08008064        0x4
                0x08008064                        . = ALIGN (0x4)
                [!provide]                        PROVIDE (__fini_array_start = .)
 *(SORT_BY_NAME(.fini_array.*))
 *(.fini_array*)
 .fini_array    0x08008064        0x4 C:/Users/marti/AppData/Local/stm32cube/bundles/gnu-tools-for-stm32/13.3.1+st.9/bin/../lib/gcc/arm-none-eabi/13.3.1/thumb/v7e-m+fp/hard/crtbegin.o
                [!provide]                        PROVIDE (__fini_array_end = .)
                0x08008068                        . = ALIGN (0x4)
                0x08008068                        _siccmram = LOADADDR (.ccmram)

.rel.dyn        0x08008068        0x0
 .rel.iplt      0x08008068        0x0 C:/Users/marti/AppData/Local/stm32cube/bundles/gnu-tools-for-stm32/13.3.1+st.9/bin/../lib/gcc/arm-none-eabi/13.3.1/thumb/v7e-m+fp/hard/crtbegin.o

.ccmram         0x10000000        0x0 load address 0x08008068
                0x10000000                        . = ALIGN (0x4)
                0x10000000                        _sccmram = .
 *(.ccmram)
 *(.ccmram*)
                0x10000000                        . = ALIGN (0x4)
                0x10000000                        _eccmram = .
                0x08008068                        _sidata = LOADADDR (.data)

.data           0x20000000       0x70 load address 0x08008068
                0x20000000                        . = ALIGN (0x4)
                0x20000000                        _sdata = .
 *(.data)
 *(.data*)
 .data.SystemCoreClock
                0x20000000        0x4 cmake/stm32cubemx/CMakeFiles/STM32_Drivers.dir/__/__/Core/Src/system_stm32f4xx.c.obj
                0x20000000                SystemCoreClock
 .data.uwTickPrio
                0x20000004        0x4 cmake/stm32cubemx/CMakeFiles/STM32_Drivers.dir/__/__/Drivers/STM32F4xx_HAL_Driver/Src/stm32f4xx_hal.c.obj
                0x20000004                uwTickPrio
 .data.uwTickFreq
                0x20000008        0x1 cmake/stm32cubemx/CMakeFiles/STM32_Drivers.dir/__/__/Drivers/STM32F4xx_HAL_Driver/Src/stm32f4xx_hal.c.obj
                0x20000008                uwTickFreq
 *fill*         0x20000009        0x3 
 .data.s_last_sample
                0x2000000c        0x6 CMakeFiles/Program1.dir/Core/Src/key.c.obj
 *fill*         0x20000012        0x2 
 .data.s_stable_state
                0x20000014        0x6 CMakeFiles/Program1.dir/Core/Src/key.c.obj
 .data.s_running
                0x2000001a        0x1 CMakeFiles/Program1.dir/Core/Src/led.c.obj
 .data.s_speed_idx
                0x2000001b        0x1 CMakeFiles/Program1.dir/Core/Src/led.c.obj
 .data.g_melody_duty
                0x2000001c        0x1 CMakeFiles/Program1.dir/Core/Src/music.c.obj
 *fill*         0x2000001d        0x1 
 .data.oled_i2c_address
                0x2000001e        0x2 CMakeFiles/Program1.dir/Core/Src/oled.c.obj
 .data._impure_ptr
                0x20000020        0x4 C:/Users/marti/AppData/Local/stm32cube/bundles/gnu-tools-for-stm32/13.3.1+st.9/bin/../lib/gcc/arm-none-eabi/13.3.1/../../../../arm-none-eabi/lib/thumb/v7e-m+fp/hard\libg_nano.a(libc_a-impure.o)
                0x20000020                _impure_ptr
 .data._impure_data
                0x20000024       0x4c C:/Users/marti/AppData/Local/stm32cube/bundles/gnu-tools-for-stm32/13.3.1+st.9/bin/../lib/gcc/arm-none-eabi/13.3.1/../../../../arm-none-eabi/lib/thumb/v7e-m+fp/hard\libg_nano.a(libc_a-impure.o)
                0x20000024                _impure_data
 *(.RamFunc)
 *(.RamFunc*)
                0x20000070                        . = ALIGN (0x4)

.igot.plt       0x20000070        0x0 load address 0x080080d8
 .igot.plt      0x20000070        0x0 C:/Users/marti/AppData/Local/stm32cube/bundles/gnu-tools-for-stm32/13.3.1+st.9/bin/../lib/gcc/arm-none-eabi/13.3.1/thumb/v7e-m+fp/hard/crtbegin.o

.tdata          0x20000070        0x0 load address 0x080080d8
 *(.tdata .tdata.* .gnu.linkonce.td.*)
                0x20000070                        . = ALIGN (0x4)
                0x20000070                        _edata = .
                [!provide]                        PROVIDE (__data_end = .)
                [!provide]                        PROVIDE (__tdata_end = .)
                [!provide]                        PROVIDE (__tdata_start = ADDR (.tdata))
                [!provide]                        PROVIDE (__tdata_size = (__tdata_end - __tdata_start))
                [!provide]                        PROVIDE (__data_start = ADDR (.data))
                [!provide]                        PROVIDE (__data_size = (__data_end - __data_start))
                [!provide]                        PROVIDE (__tdata_source = LOADADDR (.tdata))
                [!provide]                        PROVIDE (__tdata_source_end = (LOADADDR (.tdata) + SIZEOF (.tdata)))
                [!provide]                        PROVIDE (__tdata_source_size = (__tdata_source_end - __tdata_source))
                [!provide]                        PROVIDE (__data_source = LOADADDR (.data))
                [!provide]                        PROVIDE (__data_source_end = __tdata_source_end)
                [!provide]                        PROVIDE (__data_source_size = (__data_source_end - __data_source))

.tbss           0x20000070        0x0 load address 0x080080d8
                0x20000070                        _sbss = .
                0x20000070                        __bss_start__ = _sbss
 *(.tbss .tbss.*)
                0x20000070                        . = ALIGN (0x4)
                [!provide]                        PROVIDE (__tbss_end = .)
                [!provide]                        PROVIDE (__tbss_start = ADDR (.tbss))
                [!provide]                        PROVIDE (__tbss_size = (__tbss_end - __tbss_start))
                [!provide]                        PROVIDE (__tbss_offset = (ADDR (.tbss) - ADDR (.tdata)))
                [!provide]                        PROVIDE (__tls_base = __tdata_start)
                [!provide]                        PROVIDE (__tls_end = __tbss_end)
                [!provide]                        PROVIDE (__tls_size = (__tls_end - __tls_base))
                [!provide]                        PROVIDE (__tls_align = MAX (ALIGNOF (.tdata), ALIGNOF (.tbss)))
                [!provide]                        PROVIDE (__tls_size_align = (((__tls_size + __tls_align) - 0x1) & ~ ((__tls_align - 0x1))))
                [!provide]                        PROVIDE (__arm32_tls_tcb_offset = MAX (0x8, __tls_align))
                [!provide]                        PROVIDE (__arm64_tls_tcb_offset = MAX (0x10, __tls_align))

.bss            0x20000070      0xb7c load address 0x080080d8
 *(.bss)
 .bss           0x20000070       0x1c C:/Users/marti/AppData/Local/stm32cube/bundles/gnu-tools-for-stm32/13.3.1+st.9/bin/../lib/gcc/arm-none-eabi/13.3.1/thumb/v7e-m+fp/hard/crtbegin.o
 *(.bss*)
 .bss.uwTick    0x2000008c        0x4 cmake/stm32cubemx/CMakeFiles/STM32_Drivers.dir/__/__/Drivers/STM32F4xx_HAL_Driver/Src/stm32f4xx_hal.c.obj
                0x2000008c                uwTick
 .bss.hadc1     0x20000090       0x48 CMakeFiles/Program1.dir/Core/Src/main.c.obj
                0x20000090                hadc1
 .bss.hi2c1     0x200000d8       0x54 CMakeFiles/Program1.dir/Core/Src/main.c.obj
                0x200000d8                hi2c1
 .bss.htim2     0x2000012c       0x48 CMakeFiles/Program1.dir/Core/Src/main.c.obj
                0x2000012c                htim2
 .bss.htim3     0x20000174       0x48 CMakeFiles/Program1.dir/Core/Src/main.c.obj
                0x20000174                htim3
 .bss.huart6    0x200001bc       0x48 CMakeFiles/Program1.dir/Core/Src/main.c.obj
                0x200001bc                huart6
 .bss.hdma_i2c1_tx
                0x20000204       0x60 CMakeFiles/Program1.dir/Core/Src/main.c.obj
                0x20000204                hdma_i2c1_tx
 .bss.g_oled_fps_x100
                0x20000264        0x4 CMakeFiles/Program1.dir/Core/Src/main.c.obj
                0x20000264                g_oled_fps_x100
 .bss.g_oled_frame_ms_x100
                0x20000268        0x4 CMakeFiles/Program1.dir/Core/Src/main.c.obj
                0x20000268                g_oled_frame_ms_x100
 .bss.g_oled_ready
                0x2000026c        0x1 CMakeFiles/Program1.dir/Core/Src/main.c.obj
 *fill*         0x2000026d        0x3 
 .bss.__sbrk_heap_end
                0x20000270        0x4 CMakeFiles/Program1.dir/Core/Src/sysmem.c.obj
 .bss.keyNum    0x20000274        0x1 CMakeFiles/Program1.dir/Core/Src/key.c.obj
                0x20000274                keyNum
 .bss.s_key_event
                0x20000275        0x1 CMakeFiles/Program1.dir/Core/Src/key.c.obj
 *fill*         0x20000276        0x2 
 .bss.s_stable_cnt
                0x20000278        0x6 CMakeFiles/Program1.dir/Core/Src/key.c.obj
 .bss.s_led_index
                0x2000027e        0x1 CMakeFiles/Program1.dir/Core/Src/led.c.obj
 .bss.s_direction
                0x2000027f        0x1 CMakeFiles/Program1.dir/Core/Src/led.c.obj
 .bss.s_last_tick
                0x20000280        0x4 CMakeFiles/Program1.dir/Core/Src/led.c.obj
 .bss.g_music_tim
                0x20000284        0x4 CMakeFiles/Program1.dir/Core/Src/music.c.obj
 .bss.g_music_channel
                0x20000288        0x4 CMakeFiles/Program1.dir/Core/Src/music.c.obj
 .bss.g_melody  0x2000028c        0x4 CMakeFiles/Program1.dir/Core/Src/music.c.obj
 .bss.g_melody_len
                0x20000290        0x2 CMakeFiles/Program1.dir/Core/Src/music.c.obj
 .bss.g_melody_idx
                0x20000292        0x2 CMakeFiles/Program1.dir/Core/Src/music.c.obj
 .bss.g_melody_busy
                0x20000294        0x1 CMakeFiles/Program1.dir/Core/Src/music.c.obj
 .bss.g_note_gap_phase
                0x20000295        0x1 CMakeFiles/Program1.dir/Core/Src/music.c.obj
 *fill*         0x20000296        0x2 
 .bss.g_next_tick
                0x20000298        0x4 CMakeFiles/Program1.dir/Core/Src/music.c.obj
 .bss.oled_framebuffer
                0x2000029c      0x400 CMakeFiles/Program1.dir/Core/Src/oled.c.obj
 .bss.oled_cursor_col
                0x2000069c        0x1 CMakeFiles/Program1.dir/Core/Src/oled.c.obj
 .bss.oled_cursor_page
                0x2000069d        0x1 CMakeFiles/Program1.dir/Core/Src/oled.c.obj
 *fill*         0x2000069e        0x2 
 .bss.oled_tx_data
                0x200006a0      0x401 CMakeFiles/Program1.dir/Core/Src/oled.c.obj
 *fill*         0x20000aa1        0x3 
 .bss.__sf      0x20000aa4      0x138 C:/Users/marti/AppData/Local/stm32cube/bundles/gnu-tools-for-stm32/13.3.1+st.9/bin/../lib/gcc/arm-none-eabi/13.3.1/../../../../arm-none-eabi/lib/thumb/v7e-m+fp/hard\libg_nano.a(libc_a-findfp.o)
                0x20000aa4                __sf
 .bss.errno     0x20000bdc        0x4 C:/Users/marti/AppData/Local/stm32cube/bundles/gnu-tools-for-stm32/13.3.1+st.9/bin/../lib/gcc/arm-none-eabi/13.3.1/../../../../arm-none-eabi/lib/thumb/v7e-m+fp/hard\libg_nano.a(libc_a-reent.o)
                0x20000bdc                errno
 .bss.__lock___malloc_recursive_mutex
                0x20000be0        0x1 C:/Users/marti/AppData/Local/stm32cube/bundles/gnu-tools-for-stm32/13.3.1+st.9/bin/../lib/gcc/arm-none-eabi/13.3.1/../../../../arm-none-eabi/lib/thumb/v7e-m+fp/hard\libg_nano.a(libc_a-lock.o)
                0x20000be0                __lock___malloc_recursive_mutex
 *fill*         0x20000be1        0x3 
 .bss.__malloc_sbrk_start
                0x20000be4        0x4 C:/Users/marti/AppData/Local/stm32cube/bundles/gnu-tools-for-stm32/13.3.1+st.9/bin/../lib/gcc/arm-none-eabi/13.3.1/../../../../arm-none-eabi/lib/thumb/v7e-m+fp/hard\libg_nano.a(libc_a-mallocr.o)
                0x20000be4                __malloc_sbrk_start
 .bss.__malloc_free_list
                0x20000be8        0x4 C:/Users/marti/AppData/Local/stm32cube/bundles/gnu-tools-for-stm32/13.3.1+st.9/bin/../lib/gcc/arm-none-eabi/13.3.1/../../../../arm-none-eabi/lib/thumb/v7e-m+fp/hard\libg_nano.a(libc_a-mallocr.o)
                0x20000be8                __malloc_free_list
 *(COMMON)
                0x20000bec                        . = ALIGN (0x4)
                0x20000bec                        _ebss = .
                0x20000bec                        __bss_end__ = _ebss
                [!provide]                        PROVIDE (__bss_end = .)
                [!provide]                        PROVIDE (__non_tls_bss_start = ADDR (.bss))
                [!provide]                        PROVIDE (__bss_start = __tbss_start)
                [!provide]                        PROVIDE (__bss_size = (__bss_end - __bss_start))

._user_heap_stack
                0x20000bec      0x604 load address 0x080080d8
                0x20000bf0                        . = ALIGN (0x8)
 *fill*         0x20000bec        0x4 
                [!provide]                        PROVIDE (end = .)
                0x20000bf0                        PROVIDE (_end = .)
                0x20000df0                        . = (. + _Min_Heap_Size)
 *fill*         0x20000bf0      0x200 
                0x200011f0                        . = (. + _Min_Stack_Size)
 *fill*         0x20000df0      0x400 
                0x200011f0                        . = ALIGN (0x8)

/DISCARD/
 libc.a:*(*)
 libm.a:*(*)
 libgcc.a:*(*)
OUTPUT(Program1.elf elf32-littlearm)
LOAD linker stubs

.ARM.attributes
                0x00000000       0x30
 .ARM.attributes
                0x00000000       0x22 C:/Users/marti/AppData/Local/stm32cube/bundles/gnu-tools-for-stm32/13.3.1+st.9/bin/../lib/gcc/arm-none-eabi/13.3.1/thumb/v7e-m+fp/hard/crti.o
 .ARM.attributes
                0x00000022       0x34 C:/Users/marti/AppData/Local/stm32cube/bundles/gnu-tools-for-stm32/13.3.1+st.9/bin/../lib/gcc/arm-none-eabi/13.3.1/thumb/v7e-m+fp/hard/crtbegin.o
 .ARM.attributes
                0x00000056       0x34 cmake/stm32cubemx/CMakeFiles/STM32_Drivers.dir/__/__/Core/Src/system_stm32f4xx.c.obj
 .ARM.attributes
                0x0000008a       0x34 cmake/stm32cubemx/CMakeFiles/STM32_Drivers.dir/__/__/Drivers/STM32F4xx_HAL_Driver/Src/stm32f4xx_hal_adc.c.obj
 .ARM.attributes
                0x000000be       0x34 cmake/stm32cubemx/CMakeFiles/STM32_Drivers.dir/__/__/Drivers/STM32F4xx_HAL_Driver/Src/stm32f4xx_hal_rcc.c.obj
 .ARM.attributes
                0x000000f2       0x34 cmake/stm32cubemx/CMakeFiles/STM32_Drivers.dir/__/__/Drivers/STM32F4xx_HAL_Driver/Src/stm32f4xx_hal_gpio.c.obj
 .ARM.attributes
                0x00000126       0x34 cmake/stm32cubemx/CMakeFiles/STM32_Drivers.dir/__/__/Drivers/STM32F4xx_HAL_Driver/Src/stm32f4xx_hal_dma.c.obj
 .ARM.attributes
                0x0000015a       0x34 cmake/stm32cubemx/CMakeFiles/STM32_Drivers.dir/__/__/Drivers/STM32F4xx_HAL_Driver/Src/stm32f4xx_hal_cortex.c.obj
 .ARM.attributes
                0x0000018e       0x34 cmake/stm32cubemx/CMakeFiles/STM32_Drivers.dir/__/__/Drivers/STM32F4xx_HAL_Driver/Src/stm32f4xx_hal.c.obj
 .ARM.attributes
                0x000001c2       0x34 cmake/stm32cubemx/CMakeFiles/STM32_Drivers.dir/__/__/Drivers/STM32F4xx_HAL_Driver/Src/stm32f4xx_hal_i2c.c.obj
 .ARM.attributes
                0x000001f6       0x34 cmake/stm32cubemx/CMakeFiles/STM32_Drivers.dir/__/__/Drivers/STM32F4xx_HAL_Driver/Src/stm32f4xx_hal_tim.c.obj
 .ARM.attributes
                0x0000022a       0x34 cmake/stm32cubemx/CMakeFiles/STM32_Drivers.dir/__/__/Drivers/STM32F4xx_HAL_Driver/Src/stm32f4xx_hal_tim_ex.c.obj
 .ARM.attributes
                0x0000025e       0x34 cmake/stm32cubemx/CMakeFiles/STM32_Drivers.dir/__/__/Drivers/STM32F4xx_HAL_Driver/Src/stm32f4xx_hal_uart.c.obj
 .ARM.attributes
                0x00000292       0x34 CMakeFiles/Program1.dir/Core/Src/main.c.obj
 .ARM.attributes
                0x000002c6       0x34 CMakeFiles/Program1.dir/Core/Src/stm32f4xx_it.c.obj
 .ARM.attributes
                0x000002fa       0x34 CMakeFiles/Program1.dir/Core/Src/stm32f4xx_hal_msp.c.obj
 .ARM.attributes
                0x0000032e       0x34 CMakeFiles/Program1.dir/Core/Src/sysmem.c.obj
 .ARM.attributes
                0x00000362       0x21 CMakeFiles/Program1.dir/startup_stm32f407xx.s.obj
 .ARM.attributes
                0x00000383       0x34 CMakeFiles/Program1.dir/Core/Src/key.c.obj
 .ARM.attributes
                0x000003b7       0x34 CMakeFiles/Program1.dir/Core/Src/led.c.obj
 .ARM.attributes
                0x000003eb       0x34 CMakeFiles/Program1.dir/Core/Src/music.c.obj
 .ARM.attributes
                0x0000041f       0x34 CMakeFiles/Program1.dir/Core/Src/oled.c.obj
 .ARM.attributes
                0x00000453       0x22 C:/Users/marti/AppData/Local/stm32cube/bundles/gnu-tools-for-stm32/13.3.1+st.9/bin/../lib/gcc/arm-none-eabi/13.3.1/thumb/v7e-m+fp/hard\libgcc.a(_aeabi_uldivmod.o)
 .ARM.attributes
                0x00000475       0x34 C:/Users/marti/AppData/Local/stm32cube/bundles/gnu-tools-for-stm32/13.3.1+st.9/bin/../lib/gcc/arm-none-eabi/13.3.1/thumb/v7e-m+fp/hard\libgcc.a(_udivmoddi4.o)
 .ARM.attributes
                0x000004a9       0x22 C:/Users/marti/AppData/Local/stm32cube/bundles/gnu-tools-for-stm32/13.3.1+st.9/bin/../lib/gcc/arm-none-eabi/13.3.1/thumb/v7e-m+fp/hard\libgcc.a(_dvmd_tls.o)
 .ARM.attributes
                0x000004cb       0x34 C:/Users/marti/AppData/Local/stm32cube/bundles/gnu-tools-for-stm32/13.3.1+st.9/bin/../lib/gcc/arm-none-eabi/13.3.1/../../../../arm-none-eabi/lib/thumb/v7e-m+fp/hard\libg_nano.a(libc_a-findfp.o)
 .ARM.attributes
                0x000004ff       0x34 C:/Users/marti/AppData/Local/stm32cube/bundles/gnu-tools-for-stm32/13.3.1+st.9/bin/../lib/gcc/arm-none-eabi/13.3.1/../../../../arm-none-eabi/lib/thumb/v7e-m+fp/hard\libg_nano.a(libc_a-snprintf.o)
 .ARM.attributes
                0x00000533       0x34 C:/Users/marti/AppData/Local/stm32cube/bundles/gnu-tools-for-stm32/13.3.1+st.9/bin/../lib/gcc/arm-none-eabi/13.3.1/../../../../arm-none-eabi/lib/thumb/v7e-m+fp/hard\libg_nano.a(libc_a-memset.o)
 .ARM.attributes
                0x00000567       0x34 C:/Users/marti/AppData/Local/stm32cube/bundles/gnu-tools-for-stm32/13.3.1+st.9/bin/../lib/gcc/arm-none-eabi/13.3.1/../../../../arm-none-eabi/lib/thumb/v7e-m+fp/hard\libg_nano.a(libc_a-reent.o)
 .ARM.attributes
                0x0000059b       0x34 C:/Users/marti/AppData/Local/stm32cube/bundles/gnu-tools-for-stm32/13.3.1+st.9/bin/../lib/gcc/arm-none-eabi/13.3.1/../../../../arm-none-eabi/lib/thumb/v7e-m+fp/hard\libg_nano.a(libc_a-impure.o)
 .ARM.attributes
                0x000005cf       0x34 C:/Users/marti/AppData/Local/stm32cube/bundles/gnu-tools-for-stm32/13.3.1+st.9/bin/../lib/gcc/arm-none-eabi/13.3.1/../../../../arm-none-eabi/lib/thumb/v7e-m+fp/hard\libg_nano.a(libc_a-errno.o)
 .ARM.attributes
                0x00000603       0x34 C:/Users/marti/AppData/Local/stm32cube/bundles/gnu-tools-for-stm32/13.3.1+st.9/bin/../lib/gcc/arm-none-eabi/13.3.1/../../../../arm-none-eabi/lib/thumb/v7e-m+fp/hard\libg_nano.a(libc_a-init.o)
 .ARM.attributes
                0x00000637       0x34 C:/Users/marti/AppData/Local/stm32cube/bundles/gnu-tools-for-stm32/13.3.1+st.9/bin/../lib/gcc/arm-none-eabi/13.3.1/../../../../arm-none-eabi/lib/thumb/v7e-m+fp/hard\libg_nano.a(libc_a-lock.o)
 .ARM.attributes
                0x0000066b       0x34 C:/Users/marti/AppData/Local/stm32cube/bundles/gnu-tools-for-stm32/13.3.1+st.9/bin/../lib/gcc/arm-none-eabi/13.3.1/../../../../arm-none-eabi/lib/thumb/v7e-m+fp/hard\libg_nano.a(libc_a-memcpy-stub.o)
 .ARM.attributes
                0x0000069f       0x34 C:/Users/marti/AppData/Local/stm32cube/bundles/gnu-tools-for-stm32/13.3.1+st.9/bin/../lib/gcc/arm-none-eabi/13.3.1/../../../../arm-none-eabi/lib/thumb/v7e-m+fp/hard\libg_nano.a(libc_a-freer.o)
 .ARM.attributes
                0x000006d3       0x34 C:/Users/marti/AppData/Local/stm32cube/bundles/gnu-tools-for-stm32/13.3.1+st.9/bin/../lib/gcc/arm-none-eabi/13.3.1/../../../../arm-none-eabi/lib/thumb/v7e-m+fp/hard\libg_nano.a(libc_a-mallocr.o)
 .ARM.attributes
                0x00000707       0x34 C:/Users/marti/AppData/Local/stm32cube/bundles/gnu-tools-for-stm32/13.3.1+st.9/bin/../lib/gcc/arm-none-eabi/13.3.1/../../../../arm-none-eabi/lib/thumb/v7e-m+fp/hard\libg_nano.a(libc_a-mlock.o)
 .ARM.attributes
                0x0000073b       0x34 C:/Users/marti/AppData/Local/stm32cube/bundles/gnu-tools-for-stm32/13.3.1+st.9/bin/../lib/gcc/arm-none-eabi/13.3.1/../../../../arm-none-eabi/lib/thumb/v7e-m+fp/hard\libg_nano.a(libc_a-nano-svfprintf.o)
 .ARM.attributes
                0x0000076f       0x34 C:/Users/marti/AppData/Local/stm32cube/bundles/gnu-tools-for-stm32/13.3.1+st.9/bin/../lib/gcc/arm-none-eabi/13.3.1/../../../../arm-none-eabi/lib/thumb/v7e-m+fp/hard\libg_nano.a(libc_a-nano-vfprintf_i.o)
 .ARM.attributes
                0x000007a3       0x34 C:/Users/marti/AppData/Local/stm32cube/bundles/gnu-tools-for-stm32/13.3.1+st.9/bin/../lib/gcc/arm-none-eabi/13.3.1/../../../../arm-none-eabi/lib/thumb/v7e-m+fp/hard\libg_nano.a(libc_a-memmove.o)
 .ARM.attributes
                0x000007d7       0x34 C:/Users/marti/AppData/Local/stm32cube/bundles/gnu-tools-for-stm32/13.3.1+st.9/bin/../lib/gcc/arm-none-eabi/13.3.1/../../../../arm-none-eabi/lib/thumb/v7e-m+fp/hard\libg_nano.a(libc_a-sbrkr.o)
 .ARM.attributes
                0x0000080b       0x1c C:/Users/marti/AppData/Local/stm32cube/bundles/gnu-tools-for-stm32/13.3.1+st.9/bin/../lib/gcc/arm-none-eabi/13.3.1/../../../../arm-none-eabi/lib/thumb/v7e-m+fp/hard\libg_nano.a(libc_a-memchr.o)
 .ARM.attributes
                0x00000827       0x34 C:/Users/marti/AppData/Local/stm32cube/bundles/gnu-tools-for-stm32/13.3.1+st.9/bin/../lib/gcc/arm-none-eabi/13.3.1/../../../../arm-none-eabi/lib/thumb/v7e-m+fp/hard\libg_nano.a(libc_a-reallocr.o)
 .ARM.attributes
                0x0000085b       0x34 C:/Users/marti/AppData/Local/stm32cube/bundles/gnu-tools-for-stm32/13.3.1+st.9/bin/../lib/gcc/arm-none-eabi/13.3.1/../../../../arm-none-eabi/lib/thumb/v7e-m+fp/hard\libg_nano.a(libc_a-msizer.o)
 .ARM.attributes
                0x0000088f       0x22 C:/Users/marti/AppData/Local/stm32cube/bundles/gnu-tools-for-stm32/13.3.1+st.9/bin/../lib/gcc/arm-none-eabi/13.3.1/thumb/v7e-m+fp/hard/crtn.o

.comment        0x00000000       0x43
 .comment       0x00000000       0x43 cmake/stm32cubemx/CMakeFiles/STM32_Drivers.dir/__/__/Core/Src/system_stm32f4xx.c.obj
                                 0x44 (size before relaxing)
 .comment       0x00000043        0x0 cmake/stm32cubemx/CMakeFiles/STM32_Drivers.dir/__/__/Drivers/STM32F4xx_HAL_Driver/Src/stm32f4xx_hal_adc.c.obj
                                 0x44 (size before relaxing)
 .comment       0x00000043        0x0 cmake/stm32cubemx/CMakeFiles/STM32_Drivers.dir/__/__/Drivers/STM32F4xx_HAL_Driver/Src/stm32f4xx_hal_rcc.c.obj
                                 0x44 (size before relaxing)
 .comment       0x00000043        0x0 cmake/stm32cubemx/CMakeFiles/STM32_Drivers.dir/__/__/Drivers/STM32F4xx_HAL_Driver/Src/stm32f4xx_hal_gpio.c.obj
                                 0x44 (size before relaxing)
 .comment       0x00000043        0x0 cmake/stm32cubemx/CMakeFiles/STM32_Drivers.dir/__/__/Drivers/STM32F4xx_HAL_Driver/Src/stm32f4xx_hal_dma.c.obj
                                 0x44 (size before relaxing)
 .comment       0x00000043        0x0 cmake/stm32cubemx/CMakeFiles/STM32_Drivers.dir/__/__/Drivers/STM32F4xx_HAL_Driver/Src/stm32f4xx_hal_cortex.c.obj
                                 0x44 (size before relaxing)
 .comment       0x00000043        0x0 cmake/stm32cubemx/CMakeFiles/STM32_Drivers.dir/__/__/Drivers/STM32F4xx_HAL_Driver/Src/stm32f4xx_hal.c.obj
                                 0x44 (size before relaxing)
 .comment       0x00000043        0x0 cmake/stm32cubemx/CMakeFiles/STM32_Drivers.dir/__/__/Drivers/STM32F4xx_HAL_Driver/Src/stm32f4xx_hal_i2c.c.obj
                                 0x44 (size before relaxing)
 .comment       0x00000043        0x0 cmake/stm32cubemx/CMakeFiles/STM32_Drivers.dir/__/__/Drivers/STM32F4xx_HAL_Driver/Src/stm32f4xx_hal_tim.c.obj
                                 0x44 (size before relaxing)
 .comment       0x00000043        0x0 cmake/stm32cubemx/CMakeFiles/STM32_Drivers.dir/__/__/Drivers/STM32F4xx_HAL_Driver/Src/stm32f4xx_hal_tim_ex.c.obj
                                 0x44 (size before relaxing)
 .comment       0x00000043        0x0 cmake/stm32cubemx/CMakeFiles/STM32_Drivers.dir/__/__/Drivers/STM32F4xx_HAL_Driver/Src/stm32f4xx_hal_uart.c.obj
                                 0x44 (size before relaxing)
 .comment       0x00000043        0x0 CMakeFiles/Program1.dir/Core/Src/main.c.obj
                                 0x44 (size before relaxing)
 .comment       0x00000043        0x0 CMakeFiles/Program1.dir/Core/Src/stm32f4xx_it.c.obj
                                 0x44 (size before relaxing)
 .comment       0x00000043        0x0 CMakeFiles/Program1.dir/Core/Src/stm32f4xx_hal_msp.c.obj
                                 0x44 (size before relaxing)
 .comment       0x00000043        0x0 CMakeFiles/Program1.dir/Core/Src/sysmem.c.obj
                                 0x44 (size before relaxing)
 .comment       0x00000043        0x0 CMakeFiles/Program1.dir/Core/Src/key.c.obj
                                 0x44 (size before relaxing)
 .comment       0x00000043        0x0 CMakeFiles/Program1.dir/Core/Src/led.c.obj
                                 0x44 (size before relaxing)
 .comment       0x00000043        0x0 CMakeFiles/Program1.dir/Core/Src/music.c.obj
                                 0x44 (size before relaxing)
 .comment       0x00000043        0x0 CMakeFiles/Program1.dir/Core/Src/oled.c.obj
                                 0x44 (size before relaxing)
 .comment       0x00000043        0x0 C:/Users/marti/AppData/Local/stm32cube/bundles/gnu-tools-for-stm32/13.3.1+st.9/bin/../lib/gcc/arm-none-eabi/13.3.1/../../../../arm-none-eabi/lib/thumb/v7e-m+fp/hard\libg_nano.a(libc_a-findfp.o)
                                 0x44 (size before relaxing)
 .comment       0x00000043        0x0 C:/Users/marti/AppData/Local/stm32cube/bundles/gnu-tools-for-stm32/13.3.1+st.9/bin/../lib/gcc/arm-none-eabi/13.3.1/../../../../arm-none-eabi/lib/thumb/v7e-m+fp/hard\libg_nano.a(libc_a-snprintf.o)
                                 0x44 (size before relaxing)
 .comment       0x00000043        0x0 C:/Users/marti/AppData/Local/stm32cube/bundles/gnu-tools-for-stm32/13.3.1+st.9/bin/../lib/gcc/arm-none-eabi/13.3.1/../../../../arm-none-eabi/lib/thumb/v7e-m+fp/hard\libg_nano.a(libc_a-memset.o)
                                 0x44 (size before relaxing)
 .comment       0x00000043        0x0 C:/Users/marti/AppData/Local/stm32cube/bundles/gnu-tools-for-stm32/13.3.1+st.9/bin/../lib/gcc/arm-none-eabi/13.3.1/../../../../arm-none-eabi/lib/thumb/v7e-m+fp/hard\libg_nano.a(libc_a-reent.o)
                                 0x44 (size before relaxing)
 .comment       0x00000043        0x0 C:/Users/marti/AppData/Local/stm32cube/bundles/gnu-tools-for-stm32/13.3.1+st.9/bin/../lib/gcc/arm-none-eabi/13.3.1/../../../../arm-none-eabi/lib/thumb/v7e-m+fp/hard\libg_nano.a(libc_a-impure.o)
                                 0x44 (size before relaxing)
 .comment       0x00000043        0x0 C:/Users/marti/AppData/Local/stm32cube/bundles/gnu-tools-for-stm32/13.3.1+st.9/bin/../lib/gcc/arm-none-eabi/13.3.1/../../../../arm-none-eabi/lib/thumb/v7e-m+fp/hard\libg_nano.a(libc_a-errno.o)
                                 0x44 (size before relaxing)
 .comment       0x00000043        0x0 C:/Users/marti/AppData/Local/stm32cube/bundles/gnu-tools-for-stm32/13.3.1+st.9/bin/../lib/gcc/arm-none-eabi/13.3.1/../../../../arm-none-eabi/lib/thumb/v7e-m+fp/hard\libg_nano.a(libc_a-init.o)
                                 0x44 (size before relaxing)
 .comment       0x00000043        0x0 C:/Users/marti/AppData/Local/stm32cube/bundles/gnu-tools-for-stm32/13.3.1+st.9/bin/../lib/gcc/arm-none-eabi/13.3.1/../../../../arm-none-eabi/lib/thumb/v7e-m+fp/hard\libg_nano.a(libc_a-lock.o)
                                 0x44 (size before relaxing)
 .comment       0x00000043        0x0 C:/Users/marti/AppData/Local/stm32cube/bundles/gnu-tools-for-stm32/13.3.1+st.9/bin/../lib/gcc/arm-none-eabi/13.3.1/../../../../arm-none-eabi/lib/thumb/v7e-m+fp/hard\libg_nano.a(libc_a-memcpy-stub.o)
                                 0x44 (size before relaxing)
 .comment       0x00000043        0x0 C:/Users/marti/AppData/Local/stm32cube/bundles/gnu-tools-for-stm32/13.3.1+st.9/bin/../lib/gcc/arm-none-eabi/13.3.1/../../../../arm-none-eabi/lib/thumb/v7e-m+fp/hard\libg_nano.a(libc_a-freer.o)
                                 0x44 (size before relaxing)
 .comment       0x00000043        0x0 C:/Users/marti/AppData/Local/stm32cube/bundles/gnu-tools-for-stm32/13.3.1+st.9/bin/../lib/gcc/arm-none-eabi/13.3.1/../../../../arm-none-eabi/lib/thumb/v7e-m+fp/hard\libg_nano.a(libc_a-mallocr.o)
                                 0x44 (size before relaxing)
 .comment       0x00000043        0x0 C:/Users/marti/AppData/Local/stm32cube/bundles/gnu-tools-for-stm32/13.3.1+st.9/bin/../lib/gcc/arm-none-eabi/13.3.1/../../../../arm-none-eabi/lib/thumb/v7e-m+fp/hard\libg_nano.a(libc_a-mlock.o)
                                 0x44 (size before relaxing)
 .comment       0x00000043        0x0 C:/Users/marti/AppData/Local/stm32cube/bundles/gnu-tools-for-stm32/13.3.1+st.9/bin/../lib/gcc/arm-none-eabi/13.3.1/../../../../arm-none-eabi/lib/thumb/v7e-m+fp/hard\libg_nano.a(libc_a-nano-svfprintf.o)
                                 0x44 (size before relaxing)
 .comment       0x00000043        0x0 C:/Users/marti/AppData/Local/stm32cube/bundles/gnu-tools-for-stm32/13.3.1+st.9/bin/../lib/gcc/arm-none-eabi/13.3.1/../../../../arm-none-eabi/lib/thumb/v7e-m+fp/hard\libg_nano.a(libc_a-nano-vfprintf_i.o)
                                 0x44 (size before relaxing)
 .comment       0x00000043        0x0 C:/Users/marti/AppData/Local/stm32cube/bundles/gnu-tools-for-stm32/13.3.1+st.9/bin/../lib/gcc/arm-none-eabi/13.3.1/../../../../arm-none-eabi/lib/thumb/v7e-m+fp/hard\libg_nano.a(libc_a-memmove.o)
                                 0x44 (size before relaxing)
 .comment       0x00000043        0x0 C:/Users/marti/AppData/Local/stm32cube/bundles/gnu-tools-for-stm32/13.3.1+st.9/bin/../lib/gcc/arm-none-eabi/13.3.1/../../../../arm-none-eabi/lib/thumb/v7e-m+fp/hard\libg_nano.a(libc_a-sbrkr.o)
                                 0x44 (size before relaxing)
 .comment       0x00000043        0x0 C:/Users/marti/AppData/Local/stm32cube/bundles/gnu-tools-for-stm32/13.3.1+st.9/bin/../lib/gcc/arm-none-eabi/13.3.1/../../../../arm-none-eabi/lib/thumb/v7e-m+fp/hard\libg_nano.a(libc_a-reallocr.o)
                                 0x44 (size before relaxing)
 .comment       0x00000043        0x0 C:/Users/marti/AppData/Local/stm32cube/bundles/gnu-tools-for-stm32/13.3.1+st.9/bin/../lib/gcc/arm-none-eabi/13.3.1/../../../../arm-none-eabi/lib/thumb/v7e-m+fp/hard\libg_nano.a(libc_a-msizer.o)
                                 0x44 (size before relaxing)

.debug_info     0x00000000    0x1b1ea
 .debug_info    0x00000000      0x512 cmake/stm32cubemx/CMakeFiles/STM32_Drivers.dir/__/__/Core/Src/system_stm32f4xx.c.obj
 .debug_info    0x00000512      0xce3 cmake/stm32cubemx/CMakeFiles/STM32_Drivers.dir/__/__/Drivers/STM32F4xx_HAL_Driver/Src/stm32f4xx_hal_adc.c.obj
 .debug_info    0x000011f5      0x8c3 cmake/stm32cubemx/CMakeFiles/STM32_Drivers.dir/__/__/Drivers/STM32F4xx_HAL_Driver/Src/stm32f4xx_hal_rcc.c.obj
 .debug_info    0x00001ab8      0x6c3 cmake/stm32cubemx/CMakeFiles/STM32_Drivers.dir/__/__/Drivers/STM32F4xx_HAL_Driver/Src/stm32f4xx_hal_gpio.c.obj
 .debug_info    0x0000217b      0x8e7 cmake/stm32cubemx/CMakeFiles/STM32_Drivers.dir/__/__/Drivers/STM32F4xx_HAL_Driver/Src/stm32f4xx_hal_dma.c.obj
 .debug_info    0x00002a62      0xd8c cmake/stm32cubemx/CMakeFiles/STM32_Drivers.dir/__/__/Drivers/STM32F4xx_HAL_Driver/Src/stm32f4xx_hal_cortex.c.obj
 .debug_info    0x000037ee      0x944 cmake/stm32cubemx/CMakeFiles/STM32_Drivers.dir/__/__/Drivers/STM32F4xx_HAL_Driver/Src/stm32f4xx_hal.c.obj
 .debug_info    0x00004132     0x2415 cmake/stm32cubemx/CMakeFiles/STM32_Drivers.dir/__/__/Drivers/STM32F4xx_HAL_Driver/Src/stm32f4xx_hal_i2c.c.obj
 .debug_info    0x00006547     0x299d cmake/stm32cubemx/CMakeFiles/STM32_Drivers.dir/__/__/Drivers/STM32F4xx_HAL_Driver/Src/stm32f4xx_hal_tim.c.obj
 .debug_info    0x00008ee4     0x14db cmake/stm32cubemx/CMakeFiles/STM32_Drivers.dir/__/__/Drivers/STM32F4xx_HAL_Driver/Src/stm32f4xx_hal_tim_ex.c.obj
 .debug_info    0x0000a3bf     0x2f4f cmake/stm32cubemx/CMakeFiles/STM32_Drivers.dir/__/__/Drivers/STM32F4xx_HAL_Driver/Src/stm32f4xx_hal_uart.c.obj
 .debug_info    0x0000d30e     0x1a01 CMakeFiles/Program1.dir/Core/Src/main.c.obj
 .debug_info    0x0000ed0f      0xa44 CMakeFiles/Program1.dir/Core/Src/stm32f4xx_it.c.obj
 .debug_info    0x0000f753     0x1631 CMakeFiles/Program1.dir/Core/Src/stm32f4xx_hal_msp.c.obj
 .debug_info    0x00010d84      0x168 CMakeFiles/Program1.dir/Core/Src/sysmem.c.obj
 .debug_info    0x00010eec       0x30 CMakeFiles/Program1.dir/startup_stm32f407xx.s.obj
 .debug_info    0x00010f1c      0x2d0 CMakeFiles/Program1.dir/Core/Src/key.c.obj
 .debug_info    0x000111ec      0x34f CMakeFiles/Program1.dir/Core/Src/led.c.obj
 .debug_info    0x0001153b      0xbd8 CMakeFiles/Program1.dir/Core/Src/music.c.obj
 .debug_info    0x00012113      0xb5c CMakeFiles/Program1.dir/Core/Src/oled.c.obj
 .debug_info    0x00012c6f      0xfb5 C:/Users/marti/AppData/Local/stm32cube/bundles/gnu-tools-for-stm32/13.3.1+st.9/bin/../lib/gcc/arm-none-eabi/13.3.1/../../../../arm-none-eabi/lib/thumb/v7e-m+fp/hard\libg_nano.a(libc_a-findfp.o)
 .debug_info    0x00013c24      0x8b9 C:/Users/marti/AppData/Local/stm32cube/bundles/gnu-tools-for-stm32/13.3.1+st.9/bin/../lib/gcc/arm-none-eabi/13.3.1/../../../../arm-none-eabi/lib/thumb/v7e-m+fp/hard\libg_nano.a(libc_a-snprintf.o)
 .debug_info    0x000144dd       0xe0 C:/Users/marti/AppData/Local/stm32cube/bundles/gnu-tools-for-stm32/13.3.1+st.9/bin/../lib/gcc/arm-none-eabi/13.3.1/../../../../arm-none-eabi/lib/thumb/v7e-m+fp/hard\libg_nano.a(libc_a-memset.o)
 .debug_info    0x000145bd      0x8a1 C:/Users/marti/AppData/Local/stm32cube/bundles/gnu-tools-for-stm32/13.3.1+st.9/bin/../lib/gcc/arm-none-eabi/13.3.1/../../../../arm-none-eabi/lib/thumb/v7e-m+fp/hard\libg_nano.a(libc_a-reent.o)
 .debug_info    0x00014e5e      0x715 C:/Users/marti/AppData/Local/stm32cube/bundles/gnu-tools-for-stm32/13.3.1+st.9/bin/../lib/gcc/arm-none-eabi/13.3.1/../../../../arm-none-eabi/lib/thumb/v7e-m+fp/hard\libg_nano.a(libc_a-impure.o)
 .debug_info    0x00015573      0x6fb C:/Users/marti/AppData/Local/stm32cube/bundles/gnu-tools-for-stm32/13.3.1+st.9/bin/../lib/gcc/arm-none-eabi/13.3.1/../../../../arm-none-eabi/lib/thumb/v7e-m+fp/hard\libg_nano.a(libc_a-errno.o)
 .debug_info    0x00015c6e      0x10b C:/Users/marti/AppData/Local/stm32cube/bundles/gnu-tools-for-stm32/13.3.1+st.9/bin/../lib/gcc/arm-none-eabi/13.3.1/../../../../arm-none-eabi/lib/thumb/v7e-m+fp/hard\libg_nano.a(libc_a-init.o)
 .debug_info    0x00015d79      0x218 C:/Users/marti/AppData/Local/stm32cube/bundles/gnu-tools-for-stm32/13.3.1+st.9/bin/../lib/gcc/arm-none-eabi/13.3.1/../../../../arm-none-eabi/lib/thumb/v7e-m+fp/hard\libg_nano.a(libc_a-lock.o)
 .debug_info    0x00015f91      0x121 C:/Users/marti/AppData/Local/stm32cube/bundles/gnu-tools-for-stm32/13.3.1+st.9/bin/../lib/gcc/arm-none-eabi/13.3.1/../../../../arm-none-eabi/lib/thumb/v7e-m+fp/hard\libg_nano.a(libc_a-memcpy-stub.o)
 .debug_info    0x000160b2      0x851 C:/Users/marti/AppData/Local/stm32cube/bundles/gnu-tools-for-stm32/13.3.1+st.9/bin/../lib/gcc/arm-none-eabi/13.3.1/../../../../arm-none-eabi/lib/thumb/v7e-m+fp/hard\libg_nano.a(libc_a-freer.o)
 .debug_info    0x00016903      0x9bc C:/Users/marti/AppData/Local/stm32cube/bundles/gnu-tools-for-stm32/13.3.1+st.9/bin/../lib/gcc/arm-none-eabi/13.3.1/../../../../arm-none-eabi/lib/thumb/v7e-m+fp/hard\libg_nano.a(libc_a-mallocr.o)
 .debug_info    0x000172bf      0x76b C:/Users/marti/AppData/Local/stm32cube/bundles/gnu-tools-for-stm32/13.3.1+st.9/bin/../lib/gcc/arm-none-eabi/13.3.1/../../../../arm-none-eabi/lib/thumb/v7e-m+fp/hard\libg_nano.a(libc_a-mlock.o)
 .debug_info    0x00017a2a     0x10c7 C:/Users/marti/AppData/Local/stm32cube/bundles/gnu-tools-for-stm32/13.3.1+st.9/bin/../lib/gcc/arm-none-eabi/13.3.1/../../../../arm-none-eabi/lib/thumb/v7e-m+fp/hard\libg_nano.a(libc_a-nano-svfprintf.o)
 .debug_info    0x00018af1      0xde2 C:/Users/marti/AppData/Local/stm32cube/bundles/gnu-tools-for-stm32/13.3.1+st.9/bin/../lib/gcc/arm-none-eabi/13.3.1/../../../../arm-none-eabi/lib/thumb/v7e-m+fp/hard\libg_nano.a(libc_a-nano-vfprintf_i.o)
 .debug_info    0x000198d3      0x10f C:/Users/marti/AppData/Local/stm32cube/bundles/gnu-tools-for-stm32/13.3.1+st.9/bin/../lib/gcc/arm-none-eabi/13.3.1/../../../../arm-none-eabi/lib/thumb/v7e-m+fp/hard\libg_nano.a(libc_a-memmove.o)
 .debug_info    0x000199e2      0x782 C:/Users/marti/AppData/Local/stm32cube/bundles/gnu-tools-for-stm32/13.3.1+st.9/bin/../lib/gcc/arm-none-eabi/13.3.1/../../../../arm-none-eabi/lib/thumb/v7e-m+fp/hard\libg_nano.a(libc_a-sbrkr.o)
 .debug_info    0x0001a164       0x25 C:/Users/marti/AppData/Local/stm32cube/bundles/gnu-tools-for-stm32/13.3.1+st.9/bin/../lib/gcc/arm-none-eabi/13.3.1/../../../../arm-none-eabi/lib/thumb/v7e-m+fp/hard\libg_nano.a(libc_a-memchr.o)
 .debug_info    0x0001a189      0x8cd C:/Users/marti/AppData/Local/stm32cube/bundles/gnu-tools-for-stm32/13.3.1+st.9/bin/../lib/gcc/arm-none-eabi/13.3.1/../../../../arm-none-eabi/lib/thumb/v7e-m+fp/hard\libg_nano.a(libc_a-reallocr.o)
 .debug_info    0x0001aa56      0x794 C:/Users/marti/AppData/Local/stm32cube/bundles/gnu-tools-for-stm32/13.3.1+st.9/bin/../lib/gcc/arm-none-eabi/13.3.1/../../../../arm-none-eabi/lib/thumb/v7e-m+fp/hard\libg_nano.a(libc_a-msizer.o)

.debug_abbrev   0x00000000     0x4ad3
 .debug_abbrev  0x00000000      0x11a cmake/stm32cubemx/CMakeFiles/STM32_Drivers.dir/__/__/Core/Src/system_stm32f4xx.c.obj
 .debug_abbrev  0x0000011a      0x252 cmake/stm32cubemx/CMakeFiles/STM32_Drivers.dir/__/__/Drivers/STM32F4xx_HAL_Driver/Src/stm32f4xx_hal_adc.c.obj
 .debug_abbrev  0x0000036c      0x2b7 cmake/stm32cubemx/CMakeFiles/STM32_Drivers.dir/__/__/Drivers/STM32F4xx_HAL_Driver/Src/stm32f4xx_hal_rcc.c.obj
 .debug_abbrev  0x00000623      0x1d4 cmake/stm32cubemx/CMakeFiles/STM32_Drivers.dir/__/__/Drivers/STM32F4xx_HAL_Driver/Src/stm32f4xx_hal_gpio.c.obj
 .debug_abbrev  0x000007f7      0x264 cmake/stm32cubemx/CMakeFiles/STM32_Drivers.dir/__/__/Drivers/STM32F4xx_HAL_Driver/Src/stm32f4xx_hal_dma.c.obj
 .debug_abbrev  0x00000a5b      0x31d cmake/stm32cubemx/CMakeFiles/STM32_Drivers.dir/__/__/Drivers/STM32F4xx_HAL_Driver/Src/stm32f4xx_hal_cortex.c.obj
 .debug_abbrev  0x00000d78      0x214 cmake/stm32cubemx/CMakeFiles/STM32_Drivers.dir/__/__/Drivers/STM32F4xx_HAL_Driver/Src/stm32f4xx_hal.c.obj
 .debug_abbrev  0x00000f8c      0x2ad cmake/stm32cubemx/CMakeFiles/STM32_Drivers.dir/__/__/Drivers/STM32F4xx_HAL_Driver/Src/stm32f4xx_hal_i2c.c.obj